==============
FAIL: test_frontier_proximity_guidance_keeps_congestion_suppression (tests.test_escape_mechanisms.TestCommentReplyDepthPrompt.test_frontier_proximity_guidance_keeps_congestion_suppression)
----------------------------------------------------------------------
Traceback (most recent call last):
  File "/Users/azumag/azumag/work/soren/tests/test_escape_mechanisms.py", line 2968, in test_frontier_proximity_guidance_keeps_congestion_suppression
    self.assertIn("proximity_bonus = 0.0", block)
    ~~~~~~~~~~~~~^^^^^^^^^^^^^^^^^^^^^^^^^^^^^^^^
AssertionError: 'proximity_bonus = 0.0' not found in " — no reactive level split\n                    # Postmortem: piece_count is the key predictor of final score.\n                    # No reactive<3 guard (postmortem constraint: works at ALL reactive levels).\n                    # Not landing_y-only (considers horizontal proximity, piece_count, target height).\n                    proximity_bonus = max(0, 120.0 - horiz_dist * 50.0)\n                    if piece_count >= 28:\n                        # Scale proportionally with congestion: at pc=35, bonus *= 1.84\n                        # At pc=40, bonus *= 2.48 — meaningful for axis 8.8 tie-breaking\n                        congestion_scale = 1.0 + (piece_count - 28) * 0.12\n                        proximity_bonus *= min(congestion_scale, 3.0)\n                    if target_y > 0:\n                        proximity_bonus *= max(0.0, 1.0 - target_y * 0.3)\n                    # v412: nextNext-aware proximity — when next two pieces are same type,\n                    # strengthen guidance. After next merges (creating N+1), remaining same-type\n                    # targets are nearby for the next-next piece. 1.5x multiplier raises bonus\n                    # from ~190 to ~285 at pc=35, competitive with height diffs (~100-200).\n                    # Only fires when merge_grade=NO (doesn't compete with immediate merges).\n                    # refs: advice.md (Pitman_live), tmp/batch_summary.txt\n                    if next_type == next_next_type:\n                        proximity_bonus *= 1.5\n                    # v418: reactive pair density scaling — utilize reactive_pair_count in proximity guidance\n                    # When many reactive pairs exist on the board, merge potential is high. Placing near\n                    # same-type targets creates future merge opportunities. At rp=1, guidance is weak\n                    # (board is not merge-ready). At rp>=3, stronger guidance directs pieces toward\n                    # same-type targets, reducing type scattering that causes merge droughts.\n                    # Suppressed in extreme danger to respect postmortem height reduction priority.\n                    rp_guidance_suppressed = (\n                        (max_y >= 3.0 and deadline_crossed)\n                        or (reactive_pair_count >= 5 and max_y >= 2.5)\n                    )\n                    if not rp_guidance_suppressed and reactive_pair_count >= 2:\n                        rp_density_scale = 1.0 + (reactive_pair_count - 1) * 0.2\n                        proximity_bonus *= min(rp_density_scale, 2.5)\n                    if proximity_bonus > 0:\n                        score += proximity_bonus\n\n        # ----- "
==============
FAIL: test_soren91_stop_recovers_orphan_main_process_without_pid_files (tests.test_escape_mechanisms.TestSoren91RunnerLaunch.test_soren91_stop_recovers_orphan_main_process_without_pid_files)
----------------------------------------------------------------------
Traceback (most recent call last):
  File "/Users/azumag/azumag/work/soren/tests/test_escape_mechanisms.py", line 3358, in test_soren91_stop_recovers_orphan_main_process_without_pid_files
    self.assertNotIn("pgrep -f", control)
    ~~~~~~~~~~~~~~~~^^^^^^^^^^^^^^^^^^^^^
AssertionError: 'pgrep -f' unexpectedly found in '# soren91_control.sh - soren91 (メリケンAI) の起動・停止・改善キック管理\n#\n# eloop_lib.sh から source される。\n# SOREN91_ENABLED=1 (.env) でなければ全関数は即 return 0。\n\n# --- 定数 ---\n_soren91_env_get() {\n\tlocal key="$1"\n\tlocal env_file="$ELOOP_LIB_DIR/.env"\n\t[ -f "$env_file" ] || return 1\n\tlocal value=""\n\tvalue=$(grep -E "^${key}=" "$env_file" 2>/dev/null | tail -n 1 | cut -d= -f2-)\n\t[ -n "$value" ] || return 1\n\tvalue="${value#\\"}"\n\tvalue="${value%\\"}"\n\tprintf \'%s\' "$value"\n}\n\nSOREN91_ENABLED="$(_soren91_env_get SOREN91_ENABLED 2>/dev/null || printf \'%s\' "${SOREN91_ENABLED:-0}")"\nSOREN91_STOP_TIMEOUT="${SOREN91_STOP_TIMEOUT:-300}"\nSOREN91_DIR="$ELOOP_LIB_DIR/soren91"\nSOREN91_PID_FILE="$SOREN91_DIR/tmp/soren91.pid"\nSOREN91_MAIN_PID_FILE="$SOREN91_DIR/tmp/main.pid"\nSOREN91_IMPROVE_PID_FILE="$SOREN91_DIR/tmp/soren91_improve.pid"\nSOREN91_IMPROVE_LOCK="$SOREN91_DIR/tmp/soren91_improve.lock"\nSOREN91_SESSION_FILE="$SOREN91_DIR/tmp/session_games.json"\nSOREN91_STOP_FILE="$SOREN91_DIR/tmp/stop"\nSOREN91_STOPPING_FILE="$SOREN91_DIR/tmp/stopping"\nSOREN91_RUNNER_SCRIPT="$SOREN91_DIR/run_player_loop.sh"\nSOREN91_VOICEVOX_SPEAKER="$(_soren91_env_get SOREN91_VOICEVOX_SPEAKER 2>/dev/null || printf \'%s\' "${SOREN91_VOICEVOX_SPEAKER:-46}")"\nSOREN91_OBS_CONTROL="$ELOOP_LIB_DIR/obs_control.sh"\nSOREN91_OBS_INPUT_NAME="$(_soren91_env_get SOREN91_OBS_INPUT_NAME 2>/dev/null || _soren91_env_get SOREN91_OBS_SOURCE 2>/dev/null || printf \'%s\' "${SOREN91_OBS_INPUT_NAME:-${SOREN91_OBS_SOURCE:-}}")"\nSOREN91_AUDIO_GAIN_MULTIPLIER="$(_soren91_env_get SOREN91_AUDIO_GAIN_MULTIPLIER 2>/dev/null || printf \'%s\' "${SOREN91_AUDIO_GAIN_MULTIPLIER:-0.70}")"\nSOREN91_TEXT_FALLBACKS="$(_soren91_env_get SOREN91_TEXT_FALLBACKS 2>/dev/null || printf \'%s\' "${SOREN91_TEXT_FALLBACKS:-claude}")"\nSOREN91_SHARED_BROWSER="$(_soren91_env_get SOREN91_SHARED_BROWSER 2>/dev/null || printf \'%s\' "${SOREN91_SHARED_BROWSER:-1}")"\nMANUAL_MERIKEN_MODE_FILE="${MANUAL_MERIKEN_MODE_FILE:-$TMP_STATE_DIR/manual_meriken_mode.json}"\nSOREN91_MERIKEN_IMPROVE_INTERVAL="${SOREN91_MERIKEN_IMPROVE_INTERVAL:-12}"\nSOREN91_CAPITALISM_CORNER_ENABLED="${SOREN91_CAPITALISM_CORNER_ENABLED:-1}"\nMERIKEN_TIME_START_HOUR="${MERIKEN_TIME_START_HOUR:-20}"\nMERIKEN_TIME_END_HOUR="${MERIKEN_TIME_END_HOUR:-21}"\nMERIKEN_TIME_STATE_FILE="${MERIKEN_TIME_STATE_FILE:-$TMP_STATE_DIR/meriken_time_state.json}"\nSOREN91_MODE_FLAG_FILE="${SOREN91_MODE_FLAG_FILE:-$ELOOP_LIB_DIR/tmp/.soren91_mode_active}"\nSOREN91_LAST_ACTIVATE_MODE=""\nSOREN91_LAST_ACTIVATE_STATE_FILE="${SOREN91_LAST_ACTIVATE_STATE_FILE:-$ELOOP_LIB_DIR/tmp/.soren91_last_activate_mode}"\nSOREN91_ACTIVATE_LOG_FILE="${SOREN91_ACTIVATE_LOG_FILE:-$ELOOP_LIB_DIR/tmp/soren91_activate.log}"\n\n# 改善モード中か判定 (soren91_control.sh 単独起動でも壊れないようガード付き)\n_soren91_improve_active() {\n\tif command -v _is_improve_running >/dev/null 2>&1; then\n\t\t_is_improve_running\n\t\treturn $?\n\tfi\n\tlocal lock="${IMPROVE_LOCK_FILE:-$ELOOP_LIB_DIR/tmp/improve.lock}"\n\tlocal state="${IMPROVE_STATE_FILE:-$ELOOP_LIB_DIR/tmp/state/improve_state.json}"\n\t[ -f "$lock" ] || return 1\n\tgrep -q \'"status"[[:space:]]*:[[:space:]]*"running"\\|"status"[[:space:]]*:[[:space:]]*"manual"\' "$state" 2>/dev/null\n}\n\n_soren91_switch_obs_layout() {\n\tlocal mode="${1:-}"\n\tlocal status_source="${STATUS_OVERLAY_SOURCE:-statsOverlay}"\n\tlocal show_status_source="${SHOW_STATUS_OVERLAY_SOURCE:-opsOverlay}"\n\tlocal dashboard_source="${OBS_DASHBOARD_SOURCE:-dashboard}"\n\tlocal game_source="${SOREN_GAME_OBS_SOURCE:-${OBS_GAME_SOURCE:-${SOREN_OBS_GAME_SOURCE_NAME:-sorengame}}}"\n\tlocal china_show_sources="$dashboard_source"\n\tlocal meriken_show_sources="$status_source,$show_status_source"\n\tlocal meriken_hide_sources="$dashboard_source"\n\tlocal s91_show_op=""\n\tlocal s91_hide_op=""\n\tif [ -n "$game_source" ]; then\n\t\tchina_show_sources="$game_source,$china_show_sources"\n\t\tmeriken_show_sources="$meriken_show_sources,$game_source"\n\tfi\n\tif [ -n "$SOREN91_OBS_INPUT_NAME" ] && [ "$SOREN91_OBS_INPUT_NAME" != "$game_source" ]; then\n\t\ts91_show_op="show:$SOREN91_OBS_INPUT_NAME"\n\t\ts91_hide_op="hide:$SOREN91_OBS_INPUT_NAME"\n\tfi\n\t# Persist the active display mode so the OBS capture watchdog\n\t# (obs_capture_watchdog_check.mjs) knows which window title to expect and can\n\t# rebind the shared game capture to the live window after a Chrome crash/restart.\n\tif [ "$mode" = "meriken" ] || [ "$mode" = "china" ]; then\n\t\tmkdir -p "$ELOOP_LIB_DIR/tmp/state" 2>/dev/null || true\n\t\tprintf \'%s\\n\' "$mode" > "$ELOOP_LIB_DIR/tmp/state/soren_display_mode" 2>/dev/null || true\n\tfi\n\t[ -x "$SOREN91_OBS_CONTROL" ] || return 0\n\tcase "$mode" in\n\tmeriken)\n\t\tif [ -n "$game_source" ] && [ -x "$ELOOP_LIB_DIR/obs_window_capture_source.sh" ]; then\n\t\t\tOBS_WINDOW_CAPTURE_AUDIO=0 OBS_WINDOW_AUDIO_SOURCE="${SOREN91_OBS_AUDIO_SOURCE:-soren91Audio}" OBS_WINDOW_AUDIO_SOURCE_ENABLED=1 "$ELOOP_LIB_DIR/obs_window_capture_source.sh" ensure soren "$game_source" \'91人対戦|ソ連ゲーム91\' com.google.chrome.for.testing show >/dev/null 2>>"$ELOOP_LIB_DIR/tmp/obs_control.err.log" || true\n\t\tfi\n\t\t"$SOREN91_OBS_CONTROL" batch soren show:"$meriken_show_sources" $s91_show_op hide:"$meriken_hide_sources" >/dev/null 2>>"$ELOOP_LIB_DIR/tmp/obs_control.err.log" &\n\t\t_soren91_activate_shared_browser_tab meriken\n\t\t;;\n\tchina)\n\t\tif [ -n "$game_source" ] && [ -x "$ELOOP_LIB_DIR/obs_window_capture_source.sh" ]; then\n\t\t\tOBS_WINDOW_CAPTURE_AUDIO=0 OBS_WINDOW_AUDIO_SOURCE="${SOREN91_OBS_AUDIO_SOURCE:-soren91Audio}" OBS_WINDOW_AUDIO_SOURCE_ENABLED=0 "$ELOOP_LIB_DIR/obs_window_capture_source.sh" ensure soren "$game_source" \'Unity WebGL Player \\| soren-game\' com.google.chrome.for.testing show >/dev/null 2>>"$ELOOP_LIB_DIR/tmp/obs_control.err.log" || true\n\t\tfi\n\t\t# 改善中も stats/ops は監視用に維持し、dashboard/game だけを\n\t\t# china レイアウトへ戻す。改善オーバーレイは別途管理される。\n\t\tif _soren91_improve_active; then\n\t\t\t"$SOREN91_OBS_CONTROL" batch soren show:"$status_source","$show_status_source","$china_show_sources" $s91_hide_op >/dev/null 2>>"$ELOOP_LIB_DIR/tmp/obs_control.err.log" &\n\t\telse\n\t\t\t"$SOREN91_OBS_CONTROL" batch soren show:"$status_source","$show_status_source","$china_show_sources" $s91_hide_op >/dev/null 2>>"$ELOOP_LIB_DIR/tmp/obs_control.err.log" &\n\t\tfi\n\t\t_soren91_activate_shared_browser_tab china\n\t\t;;\n\t*)\n\t\treturn 1\n\t\t;;\n\tesac\n}\n\n_soren91_cdp_base_url() {\n\tlocal cdp_port="${SOREN_CDP_PORT:-9222}"\n\tlocal base="http://127.0.0.1:$cdp_port"\n\tif [ -f "$ELOOP_LIB_DIR/tmp/cdp_endpoint.json" ]; then\n\t\tlocal parsed_base=""\n\t\tparsed_base=$(\n\t\t\tpython3 - "$ELOOP_LIB_DIR/tmp/cdp_endpoint.json" "$base" <<\'PY\' 2>/dev/null\nimport json\nimport sys\n\npath, default = sys.argv[1:3]\ntry:\n    url = json.load(open(path, encoding="utf-8")).get("url") or default\nexcept Exception:\n\t    url = default\nprint(url.replace("localhost", "127.0.0.1"))\nPY\n\t\t)\n\t\t[ -n "$parsed_base" ] && base="$parsed_base"\n\tfi\n\tprintf \'%s\' "$base"\n}\n\n_soren91_log_activate_state() {\n\tlocal event="$1"\n\tlocal mode="${2:-}"\n\tlocal prev_mode="${3:-}"\n\tmkdir -p "$(dirname "$SOREN91_ACTIVATE_LOG_FILE")" 2>/dev/null || true\n\tprintf \'%s [SOREN91_ACTIVATE] event=%s mode=%s prev_mode=%s\\n\' \\\n\t\t"$(date -u +%Y-%m-%dT%H:%M:%SZ)" "$event" "$mode" "$prev_mode" \\\n\t\t>> "$SOREN91_ACTIVATE_LOG_FILE"\n}\n\n_soren91_activate_shared_browser_tab() {\n\tlocal mode="${1:-meriken}"\n\tmode="$(printf \'%s\' "$mode" | tr -d \'[:space:]\')"\n\tif [ "${SOREN_BROWSER_TAB_ACTIVATE:-0}" != "1" ]; then\n\t\t_soren91_log_activate_state "skip_no_focus" "$mode" "disabled"\n\t\treturn 0\n\tfi\n\tlocal base\n\tlocal last_mode\n\tlast_mode="$(cat "$SOREN91_LAST_ACTIVATE_STATE_FILE" 2>/dev/null || printf \'\')"\n\tif [ "$SOREN91_LAST_ACTIVATE_MODE" = "$mode" ] || [ "$last_mode" = "$mode" ]; then\n\t\t_soren91_log_activate_state "skip" "$mode" "$last_mode"\n\t\treturn 0\n\tfi\n\t_soren91_log_activate_state "activate" "$mode" "$last_mode"\n\tbase=$(_soren91_cdp_base_url)\n\tnode - "$base" "$mode" <<\'NODE\' >/dev/null 2>>"$ELOOP_LIB_DIR/tmp/soren91_cdp.err.log" &\nconst base = process.argv[2];\nconst mode = process.argv[3] || \'meriken\';\n\nfunction matches(target) {\n  const text = `${target.title || \'\'} ${target.url || \'\'}`;\n  if (mode === \'meriken\') {\n    return /91人対戦|ソ連ゲーム91|sorengame91|play\\.unityroom\\.com/.test(text);\n  }\n  return /^https?:\\/\\/(localhost|127\\.0\\.0\\.1):8080\\b/.test(target.url || \'\') ||\n    /Unity WebGL Player \\| soren-game/.test(target.title || \'\');\n}\n\n(async () => {\n  const targets = await fetch(`${base}/json`).then(r => r.json());\n  const page = targets.find(t => t.type === \'page\' && matches(t));\n  if (page?.id) {\n    await fetch(`${base}/json/activate/${encodeURIComponent(page.id)}`, { method: \'PUT\' });\n  }\n})().catch(() => {});\nNODE\n\tSOREN91_LAST_ACTIVATE_MODE="$mode"\n\tmkdir -p "$(dirname "$SOREN91_LAST_ACTIVATE_STATE_FILE")" 2>/dev/null || true\n\tprintf \'%s\\n\' "$mode" > "$SOREN91_LAST_ACTIVATE_STATE_FILE"\n}\n\n_soren91_close_shared_game_tabs() {\n\tlocal base\n\tbase=$(_soren91_cdp_base_url)\n\tnode - "$base" <<\'NODE\' >/dev/null 2>>"$ELOOP_LIB_DIR/tmp/soren91_cdp.err.log" || true\nconst base = process.argv[2];\n(async () => {\n  const targets = await fetch(`${base}/json`).then(r => r.json());\n  for (const target of targets) {\n    const text = `${target.title || \'\'} ${target.url || \'\'}`;\n    if (target.type !== \'page\') continue;\n    if (!/91人対戦|ソ連ゲーム91|sorengame91|play\\.unityroom\\.com/.test(text)) continue;\n    if (target.id) {\n      await fetch(`${base}/json/close/${encodeURIComponent(target.id)}`).catch(() => {});\n    }\n  }\n})().catch(() => {});\nNODE\n}\n\n_soren91_standalone_user_data_dir() {\n\tprintf \'%s\' "${SOREN91_STANDALONE_USER_DATA_DIR:-$SOREN91_DIR/tmp/standalone_chromium_profile}"\n}\n\n_soren91_pid_is_alive() {\n\tlocal pid="${1:-}"\n\tcase "$pid" in\n\t\'\'|*[!0-9]*) return 1 ;;\n\tesac\n\tif kill -0 "$pid" 2>/dev/null; then\n\t\treturn 0\n\tfi\n\tif [ -f "$SOREN91_DIR/tmp/soren91.log" ] &&\n\t\tlsof -nP "$SOREN91_DIR/tmp/soren91.log" 2>/dev/null |\n\t\t\tawk -v target="$pid" \'NR > 1 && $2 == target { found=1 } END { exit(found ? 0 : 1) }\'; then\n\t\treturn 0\n\tfi\n\tif [ "$(tmux display-message -p -t soren91_runner \'#{pane_pid}\' 2>/dev/null || true)" = "$pid" ]; then\n\t\treturn 0\n\tfi\n\tps -p "$pid" -o pid= 2>/dev/null | awk \'NF { found=1 } END { exit(found ? 0 : 1) }\'\n}\n\n_soren91_kill_runner_session() {\n\tcommand -v tmux >/dev/null 2>&1 || return 0\n\ttmux has-session -t soren91_runner 2>/dev/null || return 0\n\tlog "[SOREN91] Killing stray tmux runner session"\n\ttmux kill-session -t soren91_runner 2>/dev/null || true\n}\n\n# 多重runnerフラッピング対策: pidfile/tmux 管理外で生き残った run_player_loop.sh\n# 孤児（別tmuxや過去サイクルの取り残し）と、その子 main.mjs を確実に一掃する。\n# soren91_stop は追跡中の1個しか止めないため、孤児が共有Chrome(SOREN_CDP_PORT=9322)に\n# about:blank を開き続けてメイン配信のキャプチャを乱す事故を防ぐ。stop 経路(全停止)と\n# soren91_start の起動直前(新規1本を立てる前に既存を全消し)の両方から呼ぶ。\n# いずれも「呼んだ時点で全 runner を落とす」のが正しい挙動。\n_soren91_sweep_orphan_runners() {\n\tlocal pids="" p self="$$"\n\tpids=$( { pgrep -f "$SOREN91_DIR/run_player_loop.sh" 2>/dev/null; pgrep -f \'soren91/run_player_loop.sh\' 2>/dev/null; } | grep -E \'^[0-9]+$\' | sort -u )\n\t[ -n "$pids" ] || return 0\n\tfor p in $pids; do\n\t\t[ "$p" = "$self" ] && continue\n\t\tpkill -TERM -P "$p" 2>/dev/null || true   # 子 main.mjs を先に\n\t\tkill -TERM "$p" 2>/dev/null || true\n\tdone\n\tsleep 2\n\tfor p in $pids; do\n\t\t[ "$p" = "$self" ] && continue\n\t\tif _soren91_pid_is_alive "$p"; then\n\t\t\tpkill -KILL -P "$p" 2>/dev/null || true\n\t\t\tkill -KILL "$p" 2>/dev/null || true\n\t\t\tlog "[SOREN91] swept orphan runner PID=$p"\n\t\tfi\n\tdone\n\t# 取り残しの main.mjs 単体も掃討\n\tlocal mp\n\tfor mp in $(pgrep -f \'soren91/main.mjs\' 2>/dev/null | grep -E \'^[0-9]+$\'); do\n\t\t[ "$mp" = "$self" ] && continue\n\t\tkill -TERM "$mp" 2>/dev/null || true\n\tdone\n}\n\n_soren91_scan_standalone_browser_pids() {\n\t[ "${SOREN91_SHARED_BROWSER:-0}" = "1" ] && return 0\n\tlocal user_data_dir cdp_port\n\tuser_data_dir=$(_soren91_standalone_user_data_dir)\n\tcdp_port="${SOREN91_STANDALONE_CDP_PORT:-9223}"\n\tps -Ao pid=,command= 2>/dev/null | while IFS= read -r line; do\n\t\tlocal pid cmd\n\t\tpid="${line%% *}"\n\t\tcmd="${line#"$pid"}"\n\t\tcmd="${cmd# }"\n\t\tcase "$pid" in\n\t\t\'\'|*[!0-9]*) continue ;;\n\t\tesac\n\t\t[ "$pid" = "$$" ] && continue\n\t\tprintf \'%s\' "$cmd" | grep -F -- "$user_data_dir" >/dev/null 2>&1 || \\\n\t\t\tprintf \'%s\' "$cmd" | grep -F -- "--remote-debugging-port=${cdp_port}" >/dev/null 2>&1 || continue\n\t\tprintf \'%s\' "$cmd" | grep -Eq \'Google Chrome for Testing|Chromium|chrome-mac-arm64\' || continue\n\t\tprintf \'%s\\n\' "$pid"\n\tdone | awk \'!seen[$0]++\'\n}\n\n_soren91_stop_standalone_browser() {\n\t[ "${SOREN91_SHARED_BROWSER:-0}" = "1" ] && return 0\n\tlocal pid stopped=0\n\twhile IFS= read -r pid; do\n\t\tcase "$pid" in\n\t\t\'\'|*[!0-9]*) continue ;;\n\t\tesac\n\t\tif _soren91_pid_is_alive "$pid"; then\n\t\t\tlog "[SOREN91] Cleaning stale standalone Chrome for Testing (PID=$pid)"\n\t\t\t_stop_loop_descendants "$pid"\n\t\t\t_stop_pid_with_fallback "$pid" "soren91_standalone_browser"\n\t\t\tstopped=1\n\t\tfi\n\tdone <<EOF\n$(_soren91_scan_standalone_browser_pids 2>/dev/null || true)\nEOF\n\t[ "$stopped" -eq 1 ] && log "[SOREN91] Standalone Chrome cleanup complete"\n\treturn 0\n}\n\n_soren91_enabled() {\n\t[ "${SOREN91_ENABLED:-0}" = "1" ]\n}\n\n_scheduled_meriken_time_enabled() {\n\t[ "${MERIKEN_SCHEDULED_TIME_ENABLED:-1}" = "1" ]\n}\n\n_clear_soren91_mode_flag() {\n\trm -f "$SOREN91_MODE_FLAG_FILE" 2>/dev/null || true\n}\n\n_set_soren91_mode_flag() {\n\tmkdir -p "$(dirname "$SOREN91_MODE_FLAG_FILE")" 2>/dev/null || true\n\ttouch "$SOREN91_MODE_FLAG_FILE" 2>/dev/null || true\n}\n\n_soren91_scan_alive_runner_pids() {\n\tlocal pid="" ppid="" cmd=""\n\tpid=$(tmux display-message -p -t soren91_runner \'#{pane_pid}\' 2>/dev/null || true)\n\tcase "$pid" in\n\t\'\'|*[!0-9]*) ;;\n\t*)\n\t\tif _soren91_pid_is_alive "$pid"; then\n\t\t\tprintf \'%s\\n\' "$pid"\n\t\tfi\n\t\t;;\n\tesac\n\tpid=$(sed -n \'s/^pid=//p\' "$SOREN91_DIR/tmp/.runner.lock/owner" 2>/dev/null | head -n 1)\n\tcase "$pid" in\n\t\'\'|*[!0-9]*) ;;\n\t*)\n\t\tif _soren91_pid_is_alive "$pid"; then\n\t\t\tprintf \'%s\\n\' "$pid"\n\t\tfi\n\t\t;;\n\tesac\n\tps -Ao pid=,ppid=,command= 2>/dev/null | while read -r pid ppid cmd; do\n\t\tcase "$pid" in\n\t\t\'\'|*[!0-9]*) continue ;;\n\t\tesac\n\t\t[ "$pid" = "$$" ] && continue\n\t\t_soren91_pid_is_alive "$pid" || continue\n\t\tprintf \'%s\' "$cmd" | grep -F -- "$SOREN91_RUNNER_SCRIPT" >/dev/null 2>&1 || \\\n\t\t\tprintf \'%s\' "$cmd" | grep -F -- "$SOREN91_DIR/run_player_loop.sh" >/dev/null 2>&1 || \\\n\t\t\tprintf \'%s\' "$cmd" | grep -F -- "soren91/run_player_loop.sh" >/dev/null 2>&1 || continue\n\t\tprintf \'%s\\n\' "$pid"\n\tdone | awk \'!seen[$0]++\'\n}\n\n_soren91_scan_log_writer_pids() {\n\tlocal log_file="$SOREN91_DIR/tmp/soren91.log"\n\t[ -f "$log_file" ] || return 0\n\tlsof -nP "$log_file" 2>/dev/null | awk \'\n\t\tNR > 1 && $1 == "node" && $2 ~ /^[0-9]+$/ { print $2 }\n\t\' | awk \'!seen[$0]++\'\n}\n\n_soren91_clear_stale_runner_lock() {\n\tlocal lock_dir="$SOREN91_DIR/tmp/.runner.lock"\n\tlocal owner=""\n\t[ -d "$lock_dir" ] || return 0\n\towner=$(sed -n \'s/^pid=//p\' "$lock_dir/owner" 2>/dev/null | head -n 1)\n\tcase "$owner" in\n\t\'\'|*[!0-9]*) ;;\n\t*)\n\t\t_soren91_pid_is_alive "$owner" && return 0\n\t\t;;\n\tesac\n\trm -rf "$lock_dir" 2>/dev/null || true\n}\n\n_soren91_scan_alive_main_pids() {\n\tlocal runner_pids="" pid="" ppid="" cmd="" runner_pid=""\n\t_soren91_scan_log_writer_pids 2>/dev/null\n\trunner_pids="$(_soren91_scan_alive_runner_pids 2>/dev/null | tr \'\\n\' \' \')"\n\t[ -n "$runner_pids" ] || return 0\n\tps -Ao pid=,ppid=,command= 2>/dev/null | while read -r pid ppid cmd; do\n\t\tcase "$pid" in\n\t\t\'\'|*[!0-9]*) continue ;;\n\t\tesac\n\t\t[ "$pid" = "$$" ] && continue\n\t\t_soren91_pid_is_alive "$pid" || continue\n\t\tprintf \'%s\' "$cmd" | grep -Eq \'(^|[ /])node([[:space:]].*)?main\\.mjs([[:space:]]|$)\' || continue\n\t\tfor runner_pid in $runner_pids; do\n\t\t\t[ "$ppid" = "$runner_pid" ] || continue\n\t\t\tprintf \'%s\\n\' "$pid"\n\t\t\tbreak\n\t\tdone\n\tdone | awk \'!seen[$0]++\'\n}\n\n_soren91_read_alive_player_pid() {\n\tlocal pid="" f="" cmd=""\n\tfor f in "$SOREN91_MAIN_PID_FILE" "$SOREN91_PID_FILE"; do\n\t\t[ -f "$f" ] || continue\n\t\tpid=$(cat "$f" 2>/dev/null)\n\t\tcase "$pid" in \'\'|*[!0-9]*) pid="" ;; esac\n\t\t[ -n "$pid" ] || continue\n\t\t_soren91_pid_is_alive "$pid" || continue\n\t\tcmd=$(ps -p "$pid" -o command= 2>/dev/null || echo "")\n\t\tif [ -z "$cmd" ]; then\n\t\t\tprintf \'%s\' "$pid"\n\t\t\treturn 0\n\t\tfi\n\t\tif [ "$f" = "$SOREN91_MAIN_PID_FILE" ]; then\n\t\t\techo "$cmd" | grep -q "main\\.mjs" || continue\n\t\telse\n\t\t\techo "$cmd" | grep -q "run_player_loop\\.sh" || continue\n\t\tfi\n\t\tprintf \'%s\' "$pid"\n\t\treturn 0\n\tdone\n\n\tpid=$(sed -n \'s/^pid=//p\' "$SOREN91_DIR/tmp/.runner.lock/owner" 2>/dev/null | head -n 1)\n\tcase "$pid" in \'\'|*[!0-9]*) pid="" ;; esac\n\tif [ -n "$pid" ] && _soren91_pid_is_alive "$pid"; then\n\t\tprintf \'%s\' "$pid"\n\t\treturn 0\n\tfi\n\n\t# PIDファイルは停止処理の途中で消えることがある。実プロセスが残っていると\n\t# "Not running" と誤判定して stop file を出せないため、実プレイヤーをプロセス表から復旧する。\n\tpid=$(_soren91_scan_alive_main_pids | head -n 1)\n\tif [ -n "$pid" ]; then\n\t\tprintf \'%s\' "$pid"\n\t\treturn 0\n\tfi\n\tpid=$(_soren91_scan_log_writer_pids | head -n 1)\n\tif [ -n "$pid" ]; then\n\t\tprintf \'%s\' "$pid"\n\t\treturn 0\n\tfi\n\tpid=$(_soren91_scan_alive_runner_pids | head -n 1)\n\tif [ -n "$pid" ]; then\n\t\tprintf \'%s\' "$pid"\n\t\treturn 0\n\tfi\n\treturn 1\n}\n\n_soren91_observable_fresh() {\n\tlocal now="" log_mtime="" log_age="" mode_mtime="" mode_age=""\n\tnow=$(date +%s)\n\tlog_mtime=$(stat -f \'%m\' "$SOREN91_DIR/tmp/soren91.log" 2>/dev/null || echo 0)\n\tcase "$log_mtime" in \'\'|*[!0-9]*) log_mtime=0 ;; esac\n\tlog_age=$((now - log_mtime))\n\tif [ "$log_mtime" -gt 0 ] && [ "$log_age" -le "${SOREN91_OBSERVABLE_FRESH_SEC:-120}" ] && [ -f "$SOREN91_DIR/tmp/in_game" ]; then\n\t\treturn 0\n\tfi\n\n\tmode_mtime=$(stat -f \'%m\' "$SOREN91_MODE_FLAG_FILE" 2>/dev/null || echo 0)\n\tcase "$mode_mtime" in \'\'|*[!0-9]*) mode_mtime=0 ;; esac\n\tmode_age=$((now - mode_mtime))\n\tif [ "$log_mtime" -gt 0 ] && [ "$log_age" -le "${SOREN91_OBSERVABLE_FRESH_SEC:-120}" ] && [ "$mode_mtime" -gt 0 ] && [ "$mode_age" -le "${SOREN91_OBSERVABLE_FRESH_SEC:-120}" ]; then\n\t\treturn 0\n\tfi\n\n\treturn 1\n}\n\n_soren91_has_runtime_marker() {\n\t[ -f "$SOREN91_PID_FILE" ] && return 0\n\t[ -f "$SOREN91_MAIN_PID_FILE" ] && return 0\n\t[ -d "$SOREN91_DIR/tmp/.runner.lock" ] && return 0\n\tcommand -v tmux >/dev/null 2>&1 && tmux has-session -t soren91_runner 2>/dev/null && return 0\n\treturn 1\n}\n\n_soren91_recovered_player_stale() {\n\tlocal pid=""\n\tpid=$(_soren91_read_alive_player_pid 2>/dev/null || true)\n\t[ -n "$pid" ] || return 1\n\t_soren91_observable_fresh && return 1\n\t_soren91_has_runtime_marker && return 1\n\tprintf \'%s\' "$pid"\n\treturn 0\n}\n\n_soren91_force_stop_recovered_player() {\n\tlocal stale_pid="${1:-}" pid="" player_pids=""\n\tplayer_pids="$stale_pid"\n\tplayer_pids="$player_pids $(_soren91_scan_alive_main_pids 2>/dev/null | tr \'\\n\' \' \')"\n\tplayer_pids="$player_pids $(_soren91_scan_log_writer_pids 2>/dev/null | tr \'\\n\' \' \')"\n\tplayer_pids="$player_pids $(_soren91_scan_alive_runner_pids 2>/dev/null | tr \'\\n\' \' \')"\n\tfor pid in $player_pids; do\n\t\tcase "$pid" in\n\t\t\'\'|*[!0-9]*) continue ;;\n\t\tesac\n\t\t_soren91_pid_is_alive "$pid" || continue\n\t\tlog "[SOREN91] Force stopping stale recovered player PID=$pid"\n\t\t_stop_loop_descendants "$pid"\n\t\t_stop_pid_with_fallback "$pid" "soren91_stale_recovered"\n\tdone\n\t_soren91_kill_runner_session\n}\n\n_write_manual_meriken_mode_state() {\n\tlocal enabled="$1" note="${2:-}"\n\tmkdir -p "$(dirname "$MANUAL_MERIKEN_MODE_FILE")" 2>/dev/null || true\n\tpython3 - "$MANUAL_MERIKEN_MODE_FILE" "$enabled" "$note" <<\'PY\' >/dev/null 2>&1\nimport json\nimport sys\nfrom datetime import datetime, timezone\n\nout_file, enabled_raw, note = sys.argv[1:4]\nenabled = enabled_raw == "1"\npayload = {\n    "enabled": enabled,\n    "note": note,\n    "updated_at": datetime.now(timezone.utc).isoformat(),\n}\nwith open(out_file, "w", encoding="utf-8") as f:\n    json.dump(payload, f, ensure_ascii=False)\nPY\n}\n\nmanual_meriken_mode_is_enabled() {\n\t[ -f "$MANUAL_MERIKEN_MODE_FILE" ] || return 1\n\tpython3 - "$MANUAL_MERIKEN_MODE_FILE" <<\'PY\' >/dev/null 2>&1\nimport json\nimport sys\n\ntry:\n    data = json.load(open(sys.argv[1], encoding="utf-8"))\nexcept Exception:\n    raise SystemExit(1)\nraise SystemExit(0 if data.get("enabled") else 1)\nPY\n}\n\nmanual_meriken_mode_enable() {\n\t_soren91_enabled || return 0\n\t_write_manual_meriken_mode_state "1" "manual_override"\n\tlog "[SOREN91] manual_meriken_mode=on"\n\tsoren91_start\n}\n\nmanual_meriken_mode_disable() {\n\t_soren91_enabled || return 0\n\tif [ -f "$MANUAL_MERIKEN_MODE_FILE" ]; then\n\t\trm -f "$MANUAL_MERIKEN_MODE_FILE"\n\tfi\n\tlog "[SOREN91] manual_meriken_mode=off"\n\tif command -v _is_improve_running >/dev/null 2>&1 && _is_improve_running; then\n\t\tlog "[SOREN91] 改善中のため、メリケンAIは継続"\n\t\treturn 0\n\tfi\n\tsoren91_stop\n}\n\nmanual_meriken_mode_status() {\n\tif manual_meriken_mode_is_enabled; then\n\t\tprintf \'on\'\n\telse\n\t\tprintf \'off\'\n\tfi\n}\n\n_meriken_time_slot_end_epoch() {\n\tpython3 - "$MERIKEN_TIME_END_HOUR" <<\'PY\' 2>/dev/null\nimport sys\nfrom datetime import datetime\n\ntry:\n    end_hour = int(sys.argv[1])\nexcept Exception:\n    raise SystemExit(1)\n\nnow = datetime.now().astimezone()\nend_dt = now.replace(hour=end_hour, minute=0, second=0, microsecond=0)\nif now >= end_dt:\n    print(0)\nelse:\n    print(int(end_dt.timestamp()))\nPY\n}\n\n_write_meriken_time_state() {\n\tlocal end_epoch="$1" reason="${2:-scheduled}"\n\tmkdir -p "$(dirname "$MERIKEN_TIME_STATE_FILE")" 2>/dev/null || true\n\tpython3 - "$MERIKEN_TIME_STATE_FILE" "$end_epoch" "$reason" <<\'PY\' >/dev/null 2>&1\nimport json\nimport sys\nfrom datetime import datetime, timezone\n\nout_file, end_epoch_raw, reason = sys.argv[1:4]\ntry:\n    end_epoch = int(end_epoch_raw)\nexcept Exception:\n    raise SystemExit(1)\npayload = {\n    "active": True,\n    "reason": reason,\n    "end_epoch": end_epoch,\n    "updated_at": datetime.now(timezone.utc).isoformat(),\n}\nwith open(out_file, "w", encoding="utf-8") as f:\n    json.dump(payload, f, ensure_ascii=False)\nPY\n}\n\n_clear_meriken_time_state() {\n\trm -f "$MERIKEN_TIME_STATE_FILE" 2>/dev/null || true\n}\n\n_meriken_time_state_end_epoch() {\n\t[ -f "$MERIKEN_TIME_STATE_FILE" ] || return 1\n\tpython3 - "$MERIKEN_TIME_STATE_FILE" <<\'PY\' 2>/dev/null\nimport json\nimport sys\n\ntry:\n    data = json.load(open(sys.argv[1], encoding="utf-8"))\n    print(int(data.get("end_epoch", 0) or 0))\nexcept Exception:\n    raise SystemExit(1)\nPY\n}\n\nscheduled_meriken_time_is_active() {\n\tif ! _scheduled_meriken_time_enabled; then\n\t\t_clear_meriken_time_state\n\t\treturn 1\n\tfi\n\tlocal end_epoch=0\n\tend_epoch=$(_meriken_time_state_end_epoch 2>/dev/null || echo 0)\n\tcase "$end_epoch" in\n\t\'\'|*[!0-9]*) end_epoch=0 ;;\n\tesac\n\tif [ "${end_epoch:-0}" -le 0 ]; then\n\t\t_clear_meriken_time_state\n\t\treturn 1\n\tfi\n\tif [ "$(date +%s)" -lt "$end_epoch" ]; then\n\t\treturn 0\n\tfi\n\t_clear_meriken_time_state\n\treturn 1\n}\n\nscheduled_meriken_time_begin() {\n\t_scheduled_meriken_time_enabled || return 1\n\tlocal reason="${1:-scheduled}"\n\tlocal end_epoch=0\n\tend_epoch=$(_meriken_time_slot_end_epoch 2>/dev/null || echo 0)\n\tcase "$end_epoch" in\n\t\'\'|*[!0-9]*) end_epoch=0 ;;\n\tesac\n\tif [ "${end_epoch:-0}" -le "$(date +%s)" ]; then\n\t\treturn 1\n\tfi\n\t_write_meriken_time_state "$end_epoch" "$reason" || return 1\n\tprintf \'%s\' "$end_epoch"\n}\n\nscheduled_meriken_time_end_label() {\n\tlocal end_epoch="${1:-0}"\n\tcase "$end_epoch" in\n\t\'\'|*[!0-9]*) end_epoch=0 ;;\n\tesac\n\t[ "$end_epoch" -gt 0 ] || return 1\n\tpython3 - "$end_epoch" <<\'PY\' 2>/dev/null\nimport sys\nfrom datetime import datetime\n\ntry:\n    end_epoch = int(sys.argv[1])\nexcept Exception:\n    raise SystemExit(1)\nprint(datetime.fromtimestamp(end_epoch).astimezone().strftime(\'%H:%M %Z\'))\nPY\n}\n\nsoren91_is_running() {\n\t_soren91_enabled || return 1\n\tlocal pid=""\n\tpid=$(_soren91_read_alive_player_pid 2>/dev/null || true)\n\tif [ -z "$pid" ]; then\n\t\t_soren91_observable_fresh || return 1\n\t\treturn 0\n\tfi\n\tif ! _soren91_observable_fresh && ! _soren91_has_runtime_marker; then\n\t\treturn 1\n\tfi\n\t# pid file は soren91 起動用の bash subshell を指すことがあり、\n\t# 実行環境によっては ps でそのコマンドラインを安定取得できない。\n\t# start/stop で専用 PID ファイルを管理しているため、生存中なら稼働中とみなす。\n\treturn 0\n}\n\n_soren91_stop_in_progress() {\n\t[ -f "$SOREN91_STOPPING_FILE" ] || return 1\n\n\tlocal pid=""\n\tpid=$(_soren91_read_alive_player_pid 2>/dev/null || true)\n\n\tif [ -n "$pid" ] && kill -0 "$pid" 2>/dev/null; then\n\t\treturn 0\n\tfi\n\tif [ -f "$SOREN91_STOP_FILE" ] || [ -f "$SOREN91_DIR/tmp/in_game" ]; then\n\t\treturn 0\n\tfi\n\n\trm -f "$SOREN91_STOPPING_FILE" 2>/dev/null || true\n\treturn 1\n}\n\n_soren91_is_improve_process() {\n\t# PIDが soren91 improve プロセスかどうか確認\n\tlocal pid="$1"\n\tcase "$pid" in \'\'|*[!0-9]*) return 1 ;; esac\n\tkill -0 "$pid" 2>/dev/null || return 1\n\tlocal cmd\n\tcmd=$(ps -p "$pid" -o command= 2>/dev/null || echo "")\n\techo "$cmd" | grep -q "improve.mjs" && return 0\n\treturn 1\n}\n\n_soren91_record_improve_stale_cleanup() {\n\tlocal reason="$1" pid="${2:-}" lock_age="${3:-0}" cmd="${4:-}" session_range="${5:-unknown}" out_file log_file\n\tout_file="${SOREN91_IMPROVE_HUNG_QUARANTINE_FILE:-$TMP_STATE_DIR/soren91_improve_hung_quarantine.jsonl}"\n\tlog_file="$SOREN91_DIR/tmp/soren91_improve.log"\n\tmkdir -p "$(dirname "$out_file")" 2>/dev/null || true\n\tpython3 - "$out_file" "$reason" "$pid" "$lock_age" "$cmd" "$session_range" "$log_file" <<\'PY\' 2>/dev/null || true\nimport json\nimport os\nimport sys\nimport time\n\nout, reason, pid, lock_age, cmd, session_range, log_file = sys.argv[1:8]\ntry:\n    pid_value = int(pid)\nexcept Exception:\n    pid_value = None\ntry:\n    lock_age_value = int(lock_age)\nexcept Exception:\n    lock_age_value = 0\ntail = []\ntry:\n    if log_file and os.path.exists(log_file):\n        with open(log_file, encoding="utf-8", errors="replace") as f:\n            tail = [line.rstrip("\\n") for line in f.readlines()[-24:]]\nexcept Exception:\n    tail = []\nrow = {\n    "epoch": int(time.time()),\n    "event": "soren91_improve_stale_cleanup",\n    "reason": reason,\n    "pid": pid_value,\n    "raw_pid": pid,\n    "lock_age": lock_age_value,\n    "session_range": session_range,\n    "command": cmd,\n    "log_tail": tail,\n}\nwith open(out, "a", encoding="utf-8") as f:\n    f.write(json.dumps(row, ensure_ascii=False) + "\\n")\nPY\n}\n\nsoren91_harvest_hung_improve() {\n\t_soren91_enabled || return 0\n\t[ "${SOREN91_IMPROVE_HUNG_HARVEST_ENABLED:-1}" = "1" ] || return 0\n\t[ -f "$SOREN91_IMPROVE_LOCK" ] || return 0\n\t[ -f "$SOREN91_IMPROVE_PID_FILE" ] || return 0\n\n\tlocal pid threshold now lock_mtime lock_age log_file log_mtime log_age eval_age eval_mtime cmd session_range\n\tpid=$(cat "$SOREN91_IMPROVE_PID_FILE" 2>/dev/null || true)\n\tnow=$(date +%s)\n\tlock_mtime=$(stat -f \'%m\' "$SOREN91_IMPROVE_LOCK" 2>/dev/null || echo 0)\n\tlock_age=$((now - ${lock_mtime:-0}))\n\tcase "$pid" in\n\t\'\'|*[!0-9]*)\n\t\tlog "[SOREN91] stale improve lock: invalid pid=\'${pid:-}\' → cleanup"\n\t\t_soren91_record_improve_stale_cleanup "invalid_pid" "${pid:-}" "$lock_age" "" "unknown"\n\t\trm -f "$SOREN91_IMPROVE_LOCK" "$SOREN91_IMPROVE_PID_FILE"\n\t\treturn 0\n\t\t;;\n\tesac\n\tif ! _soren91_is_improve_process "$pid"; then\n\t\tcmd=$(ps -p "$pid" -o command= 2>/dev/null || echo "")\n\t\tlog "[SOREN91] stale improve lock: pid=$pid not alive/improve → cleanup"\n\t\t_soren91_record_improve_stale_cleanup "pid_not_alive_or_not_improve" "$pid" "$lock_age" "$cmd" "unknown"\n\t\trm -f "$SOREN91_IMPROVE_LOCK" "$SOREN91_IMPROVE_PID_FILE"\n\t\tenqueue_audio_text "メリケンAI改善が途中終了したため、ロックを回収して通常運転を継続します。" "soren91_improve_stale_cleanup" "${SOREN91_VOICEVOX_SPEAKER:-46}" || true\n\t\treturn 0\n\tfi\n\n\tthreshold="${SOREN91_IMPROVE_HUNG_SEC:-900}"\n\tcase "$threshold" in \'\'|*[!0-9]*) threshold=900 ;; esac\n\t[ "$threshold" -gt 0 ] || return 0\n\tlog_file="$SOREN91_DIR/tmp/soren91_improve.log"\n\tlog_age="$lock_age"\n\tif [ -f "$log_file" ]; then\n\t\tlog_mtime=$(stat -f \'%m\' "$log_file" 2>/dev/null || echo 0)\n\t\tif [ "${log_mtime:-0}" -gt 0 ]; then\n\t\t\tlog_age=$((now - log_mtime))\n\t\tfi\n\tfi\n\teval_age="$lock_age"\n\tif [ -f "${EVAL_SCORE_HISTORY_FILE:-eval_score_history.txt}" ]; then\n\t\teval_mtime=$(stat -f \'%m\' "${EVAL_SCORE_HISTORY_FILE:-eval_score_history.txt}" 2>/dev/null || echo 0)\n\t\tif [ "${eval_mtime:-0}" -gt 0 ]; then\n\t\t\teval_age=$((now - eval_mtime))\n\t\tfi\n\tfi\n\t[ "$lock_age" -ge "$threshold" ] || return 0\n\t[ "$log_age" -ge "$threshold" ] || return 0\n\tif [ "${IMPROVE_HUNG_REQUIRE_EVAL_STALE:-1}" = "1" ] && [ "$eval_age" -lt "$threshold" ]; then\n\t\tlog "[SOREN91] hung improve harvest defer: lock/log stale but eval_score_history is moving (${eval_age}s < ${threshold}s, pid=$pid)"\n\t\treturn 0\n\tfi\n\n\tcmd=$(ps -p "$pid" -o command= 2>/dev/null || echo "")\n\tsession_range=$(python3 - "$SOREN91_SESSION_FILE" <<\'PY\' 2>/dev/null || true\nimport json\nimport sys\ntry:\n    data = json.load(open(sys.argv[1], encoding="utf-8"))\n    print(f"{int(data.get(\'start_game\', 0) or 0)}-{int(data.get(\'end_game\', 0) or 0)}")\nexcept Exception:\n    print("unknown")\nPY\n)\n\tlog "[SOREN91] hung improve harvest: pid=$pid lock_age=${lock_age}s log_age=${log_age}s eval_age=${eval_age}s threshold=${threshold}s session=${session_range:-unknown}"\n\tmkdir -p "$(dirname "${SOREN91_IMPROVE_HUNG_QUARANTINE_FILE:-$TMP_STATE_DIR/soren91_improve_hung_quarantine.jsonl}")" 2>/dev/null || true\n\tpython3 - "$SOREN91_IMPROVE_HUNG_QUARANTINE_FILE" "$pid" "$lock_age" "$log_age" "$eval_age" "$threshold" "${session_range:-unknown}" "$cmd" <<\'PY\' 2>/dev/null || true\nimport json\nimport sys\nimport time\n\nout, pid, lock_age, log_age, eval_age, threshold, session_range, cmd = sys.argv[1:9]\nrow = {\n    "epoch": int(time.time()),\n    "event": "soren91_improve_hung_harvest",\n    "pid": int(pid),\n    "lock_age": int(lock_age),\n    "log_age": int(log_age),\n    "eval_age": int(eval_age),\n    "threshold": int(threshold),\n    "session_range": session_range,\n    "command": cmd,\n}\nwith open(out, "a", encoding="utf-8") as f:\n    f.write(json.dumps(row, ensure_ascii=False) + "\\n")\nPY\n\t_stop_loop_descendants "$pid"\n\t_stop_pid_with_fallback "$pid" "soren91_improve_hung"\n\trm -f "$SOREN91_IMPROVE_LOCK" "$SOREN91_IMPROVE_PID_FILE"\n\tenqueue_audio_text "メリケンAI改善が無音で固まったため、改善プロセスを回収して中華AIの進行を優先します。" "soren91_improve_hung" "${SOREN91_VOICEVOX_SPEAKER:-46}" || true\n\treturn 0\n}\n\n_soren91_text_has_japanese() {\n\tprintf \'%s\' "$1" | grep -q \'[ぁ-んァ-ヶ一-龠々ー]\'\n}\n\n_soren91_normalize_spoken_uppercase() {\n\tprintf \'%s\' "$1" | tr \'[:upper:]\' \'[:lower:]\'\n}\n\n_soren91_text_is_meta_failure() {\n\tlocal text\n\ttext=$(printf \'%s\' "$1" | tr \'\\r\\n\' \'  \' | sed \'s/[[:space:]]\\+/ /g\')\n\t[ -n "$text" ] || return 0\n\tprintf \'%s\' "$text" | grep -Eiq \'申し訳(ありません|ございません|ない).*(エラーメッセージ|提供|ユーザーメッセージ|指示|タスク|情報|スクリーンショット)\' && return 0\n\tprintf \'%s\' "$text" | grep -Eiq \'(エラーメッセージ|ユーザーメッセージ|具体的な指示|明確な指示|具体的なタスク).*(提供されてい|見当たりません|ありません|ない|不足)\' && return 0\n\tprintf \'%s\' "$text" | grep -Eiq \'(入力|依頼|プロンプト|コンテキスト|戦略ヘッダー|本文).*(提供されてい|与えられてい|見当たりません|ありません|ない|不足)\' && return 0\n\tprintf \'%s\' "$text" | grep -Eiq \'(エラー|エラーメッセージ).*(詳細|内容|原因|情報).*(提供されてい|見当たりません|ありません|ない|不足|不明)\' && return 0\n\tprintf \'%s\' "$text" | grep -Eiq \'(ツール|権限|許可|WebFetch|検索|外部アクセス).*(確認|必要|できません|ありません|ない)\' && return 0\n\tprintf \'%s\' "$text" | grep -Eiq \'(何も言えません|語ることはできません|控えておくべき|確認させてください|どうすればよい|何を.*すれば)\' && return 0\n\tprintf \'%s\' "$text" | grep -Eiq \'(テキスト|文章|説明|解説).*(生成|作成).*(失敗|できません|できない|無理)\' && return 0\n\tprintf \'%s\' "$text" | grep -Eiq \'(戦略|strategy).*(説明|解説).*(できません|できない|無理)\' && return 0\n\tprintf \'%s\' "$text" | grep -Eiq \'(日本語|話し言葉).*(直す|言い換え|変換).*(できません|できない|無理|失敗)\' && return 0\n\treturn 1\n}\n\n_soren91_fallback_strategy_explanation() {\n\tlocal strategy_header="${1:-}"\n\tlocal details=""\n\tif printf \'%s\' "$strategy_header" | grep -Eiq \'高さ|height|deadline|デッドライン|高積み\'; then\n\t\tdetails="${details}高く積み上がる前に置き場所を絞り、"\n\tfi\n\tif printf \'%s\' "$strategy_header" | grep -Eiq \'先読み|look.?ahead|next|次\'; then\n\t\tdetails="${details}次のピースまで見て、"\n\tfi\n\tif printf \'%s\' "$strategy_header" | grep -Eiq \'merge|併合|chain|pipeline|パイプライン\'; then\n\t\tdetails="${details}併合の流れを残しながら、"\n\tfi\n\tif [ -z "$details" ]; then\n\t\tdetails="置き場所を慎重に選び、"\n\tfi\n\tprintf \'%s\\n\' "今のメリケンAIは、${details}盤面を薄く保つ方針です。派手な勝負より生存率を買う、いかにも資本主義らしい臆病な投資判断ですね。まあ、その臆病さで最後まで残れば勝ちです。"\n}\n\n_soren91_provider_error_preview() {\n\tprintf \'%s\' "$1" | tr \'\\r\\n\' \'  \' | sed \'s/[[:space:]]\\+/ /g\' | cut -c1-160\n}\n\n_soren91_text_generation_debug_file() {\n\tlocal tag="$1"\n\tlocal debug_dir="$ELOOP_LIB_DIR/tmp/debug/soren91_strategy_explanation"\n\tlocal safe_tag\n\tsafe_tag=$(printf \'%s\' "$tag" | tr -c \'[:alnum:]_-\' \'_\')\n\tmkdir -p "$debug_dir" 2>/dev/null || return 0\n\tprintf \'%s/%s_%s_error.txt\' "$debug_dir" "$(date +%Y%m%d_%H%M%S)" "$safe_tag"\n}\n\n_soren91_generate_text_with_shared_fallback() {\n\tlocal tag="$1" prompt="$2" fallback_mode="${3:-${SOREN91_TEXT_FALLBACKS:-claude}}"\n\tlocal prompt_file="" err_file="" debug_file="" result="" err_preview=""\n\n\tcommand -v node >/dev/null 2>&1 || return 1\n\tprompt_file=$(mktemp /tmp/soren91_ai_prompt.XXXXXX) || return 1\n\terr_file=$(mktemp /tmp/soren91_ai_err.XXXXXX) || {\n\t\trm -f "$prompt_file"\n\t\treturn 1\n\t}\n\tprintf \'%s\' "$prompt" >"$prompt_file"\n\tdebug_file=$(_soren91_text_generation_debug_file "$tag")\n\n\tif result=$(SOREN91_TEXT_CLAUDE_TIMEOUT="${SOREN91_TEXT_CLAUDE_TIMEOUT:-60}" node "$SOREN91_DIR/text_ai.mjs" --tag "$tag" --prompt-file "$prompt_file" --fallbacks "$fallback_mode" 2>"$err_file"); then\n\t\trm -f "$prompt_file" "$err_file"\n\t\trm -f "$debug_file" 2>/dev/null || true\n\t\tprintf \'%s\' "$result"\n\t\treturn 0\n\tfi\n\n\terr_preview=$(_soren91_provider_error_preview "$(cat "$err_file" 2>/dev/null || true)")\n\tif [ -n "$debug_file" ]; then\n\t\t{\n\t\t\tprintf \'tag=%s\\n\' "$tag"\n\t\t\tprintf \'fallbacks=%s\\n\' "$fallback_mode"\n\t\t\tprintf \'time=%s\\n\\n\' "$(date -u +%Y-%m-%dT%H:%M:%SZ)"\n\t\t\tcat "$err_file" 2>/dev/null || true\n\t\t} >"$debug_file" 2>/dev/null || true\n\tfi\n\trm -f "$prompt_file" "$err_file"\n\t[ -n "$err_preview" ] && log "[SOREN91] ${tag}: text generation failed (${err_preview})" >&2\n\treturn 1\n}\n\n_soren91_dump_strategy_explanation_debug() {\n\tlocal phase="$1" text="$2"\n\tlocal debug_dir="$ELOOP_LIB_DIR/tmp/debug/soren91_strategy_explanation"\n\tlocal debug_file\n\tmkdir -p "$debug_dir" 2>/dev/null || return 0\n\tdebug_file="$debug_dir/$(date +%Y%m%d_%H%M%S)_${phase}.txt"\n\t{\n\t\tprintf \'phase=%s\\n\' "$phase"\n\t\tprintf \'time=%s\\n\\n\' "$(date -u +%Y-%m-%dT%H:%M:%SZ)"\n\t\tprintf \'%s\\n\' "$text"\n\t} >"$debug_file" 2>/dev/null || true\n}\n\n_soren91_start_capitalism_corner() {\n\t[ "${SOREN91_CAPITALISM_CORNER_ENABLED:-1}" = "1" ] || return 0\n\tcommand -v start_radio_corner_capitalism >/dev/null 2>&1 || return 0\n\n\tlocal radio_game_num="${GAME_NUM:-}"\n\tcase "$radio_game_num" in\n\t\'\'|*[!0-9]*) radio_game_num=$(cat "$GAME_COUNT_FILE" 2>/dev/null || echo 0) ;;\n\tesac\n\tcase "$radio_game_num" in\n\t\'\'|*[!0-9]*) radio_game_num=0 ;;\n\tesac\n\n\tlocal radio_score=""\n\tif command -v _last_score >/dev/null 2>&1; then\n\t\tradio_score=$(_last_score 2>/dev/null || true)\n\tfi\n\tcase "$radio_score" in\n\t\'\'|*[!0-9]*) radio_score=0 ;;\n\tesac\n\n\tlog "[SOREN91] 資本主義ネタコーナー開始 (game=${radio_game_num}, score=${radio_score})"\n\tstart_radio_corner_capitalism "$radio_game_num" "$radio_score"\n}\n\n_soren91_generate_strategy_explanation() {\n\tlocal strategy_header="$1"\n\t[ -n "$strategy_header" ] || return 1\n\tlocal prompt_file="$SOREN91_DIR/prompts/explain_strategy.md"\n\tif [ ! -f "$prompt_file" ]; then\n\t\tlog "[SOREN91] Warning: prompt file not found: $prompt_file"\n\t\treturn 1\n\tfi\n\tlocal prompt_text\n\tprompt_text=$(cat "$prompt_file")\n\tprompt_text="${prompt_text//\\{\\{STRATEGY_HEADER\\}\\}/$strategy_header}"\n\t_soren91_generate_text_with_shared_fallback "strategy_explanation" "$prompt_text" "${SOREN91_TEXT_FALLBACKS:-claude}"\n}\n\n_soren91_rewrite_strategy_explanation_to_japanese() {\n\tlocal raw_text="$1"\n\t[ -n "$raw_text" ] || return 1\n\tlocal prompt_file="$SOREN91_DIR/prompts/explain_strategy_japanese.md"\n\tif [ ! -f "$prompt_file" ]; then\n\t\tlog "[SOREN91] Warning: prompt file not found: $prompt_file"\n\t\treturn 1\n\tfi\n\tlocal prompt_text\n\tprompt_text=$(cat "$prompt_file")\n\tprompt_text="${prompt_text//\\{\\{STRATEGY_EXPLANATION\\}\\}/$raw_text}"\n\t_soren91_generate_text_with_shared_fallback "strategy_explanation_rewrite" "$prompt_text" "${SOREN91_TEXT_FALLBACKS:-claude}"\n}\n\nsoren91_start() {\n\t_soren91_enabled || return 0\n\tlocal stale_pid=""\n\tstale_pid=$(_soren91_recovered_player_stale 2>/dev/null || true)\n\tif [ -n "$stale_pid" ]; then\n\t\tlog "[SOREN91] stale recovered player detected (PID=$stale_pid, no runtime marker/fresh log) → cleanup before start"\n\t\tsoren91_cleanup || true\n\t\t_soren91_force_stop_recovered_player "$stale_pid"\n\tfi\n\tif soren91_is_running; then\n\t\tlog "[SOREN91] Already running, skip start"\n\t\treturn 0\n\tfi\n\tif _soren91_stop_in_progress; then\n\t\tlog "[SOREN91] Stop in progress, skip start"\n\t\treturn 0\n\tfi\n\n\tlog "[SOREN91] Starting soren91 (メリケンAI)..."\n\trm -f "$SOREN91_LAST_ACTIVATE_STATE_FILE"\n\trm -f "$SOREN91_STOP_FILE" "$SOREN91_MAIN_PID_FILE" "$TMP_STATE_DIR/.soren91_bye_sent"\n\tmkdir -p "$SOREN91_DIR/tmp" 2>/dev/null || true\n\t_soren91_stop_standalone_browser\n\n\t# 前回の soren91 improve がまだ実行中なら session_games.json を上書きしない\n\tif [ -f "$SOREN91_IMPROVE_LOCK" ] && [ -f "$SOREN91_IMPROVE_PID_FILE" ]; then\n\t\tlocal prev_imp_pid\n\t\tprev_imp_pid=$(cat "$SOREN91_IMPROVE_PID_FILE" 2>/dev/null)\n\t\tif _soren91_is_improve_process "$prev_imp_pid"; then\n\t\t\tlog "[SOREN91] Previous improve still running (PID=$prev_imp_pid), keeping session_games.json"\n\t\tfi\n\tfi\n\n\t# セッション開始時のゲーム番号を記録\n\tlocal start_game=0\n\tif [ -d "$SOREN91_DIR/game_history" ]; then\n\t\tstart_game=$(ls -1 "$SOREN91_DIR/game_history"/game_*.jsonl 2>/dev/null | wc -l | tr -d \' \')\n\tfi\n\tprintf \'{"start_game":%d,"start_time":"%s"}\\n\' "$start_game" "$(date -u +%Y-%m-%dT%H:%M:%SZ)" \\\n\t\t> "$SOREN91_SESSION_FILE"\n\n\t# メリケンAIモード判定 (手動発火 or 定時メリケン枠の継続中)\n\t# メリケンモードでは内部改善を有効化 (12ゲームごと、env override可)\n\tlocal _meriken_mode=0\n\tif manual_meriken_mode_is_enabled; then\n\t\t_meriken_mode=1\n\telif scheduled_meriken_time_is_active; then\n\t\t_meriken_mode=1\n\telif _scheduled_meriken_time_enabled && [ "$(date +%H)" = "$MERIKEN_TIME_START_HOUR" ]; then\n\t\t# 定時メリケン枠の開始時刻に起動されたセッションはメリケンモード扱いにする。\n\t\t# 継続判定は state file の end_epoch を優先する。\n\t\t_meriken_mode=1\n\tfi\n\n\tlocal _ext_improve=1\n\tlocal _improve_interval=""\n\tif [ "$_meriken_mode" -eq 1 ]; then\n\t\t_ext_improve=0\n\t\t_improve_interval="$SOREN91_MERIKEN_IMPROVE_INTERVAL"\n\t\tlog "[SOREN91] メリケンAIモード: 内部改善有効 (${_improve_interval}ゲームごと)"\n\tfi\n\n\t# 多重runner防止 (2026-05-29): 起動直前に既存 run_player_loop.sh を全て掃討する。\n\t# soren91_is_running は soren91_runner tmux 配下の runner しか検出できないため、\n\t# tmux kill-session を生き延びた孤児 (run_player_loop.sh は `trap \'\' HUP` で HUP を\n\t# 無視するので kill-session では死なず別tmux配下へ再parent される) が残っていると、\n\t# このまま2本目を起動して多重化し、共有Chrome(SOREN_CDP_PORT=9322)を奪い合って\n\t# メイン配信(中華AI)のウィンドウキャプチャを固着させる。起動経路で必ず全 runner を\n\t# 一掃→stale ロック片付け→新規1本、の順にして「常に高々1本」を保証する。\n\t# 掃討対象が無ければ即 return する no-op なので通常起動のオーバーヘッドはほぼ無し。\n\t_soren91_sweep_orphan_runners\n\t_soren91_clear_stale_runner_lock\n\n\t# 再試行付きランナーを完全 detach 起動。\n\t# Playwright + 共有ChromeはTTYなしnohupで起動するとタイトル直後に消えることがあるため、\n\t# tmux が使える環境では専用セッションでTTYを保持する。\n\tlocal pid=""\n\tif command -v tmux >/dev/null 2>&1; then\n\t\ttmux has-session -t soren91_runner 2>/dev/null && tmux kill-session -t soren91_runner 2>/dev/null || true\n\t\ttmux new-session -d -s soren91_runner \\\n\t\t\t"cd \'$SOREN91_DIR\' && export SOREN91_SHARED_BROWSER=\'${SOREN91_SHARED_BROWSER:-1}\' SOREN91_AUDIO_GAIN_MULTIPLIER=\'${SOREN91_AUDIO_GAIN_MULTIPLIER:-0.70}\' SOREN91_EXTERNAL_IMPROVE=\'$_ext_improve\' IMPROVEMENT_INTERVAL_GAMES=\'${_improve_interval:-}\' && exec /bin/bash \'$SOREN91_RUNNER_SCRIPT\'" \\\n\t\t\t>/dev/null 2>&1 || true\n\t\tpid=$(tmux display-message -p -t soren91_runner \'#{pane_pid}\' 2>/dev/null || echo "")\n\telse\n\t\tpid=$(\n\t\t\tcd "$SOREN91_DIR" || exit 1\n\t\t\tSOREN91_SHARED_BROWSER="${SOREN91_SHARED_BROWSER:-1}" \\\n\t\t\tSOREN91_AUDIO_GAIN_MULTIPLIER="${SOREN91_AUDIO_GAIN_MULTIPLIER:-0.70}" \\\n\t\t\tSOREN91_EXTERNAL_IMPROVE="$_ext_improve" \\\n\t\t\tIMPROVEMENT_INTERVAL_GAMES="${_improve_interval:-}" \\\n\t\t\t\t/usr/bin/nohup /bin/bash "$SOREN91_RUNNER_SCRIPT" </dev/null >/dev/null 2>&1 &\n\t\t\techo $!\n\t\t)\n\tfi\n\tcase "$pid" in\n\t\'\'|*[!0-9]*)\n\t\tlog "[SOREN91] Failed to launch detached runner"\n\t\treturn 1\n\t\t;;\n\tesac\n\techo "$pid" > "$SOREN91_PID_FILE"\n\n\t# 5秒後に生存チェック\n\tsleep 5\n\tlocal live_pid_after_start=""\n\tlive_pid_after_start=$(_soren91_read_alive_player_pid 2>/dev/null || true)\n\tif _soren91_pid_is_alive "$pid" || [ -n "$live_pid_after_start" ]; then\n\t\tlog "[SOREN91] Started successfully (PID=$pid, live=${live_pid_after_start:-$pid}, start_game=$start_game)"\n\t\t# 中華AI側のBGMをミュート（改善中は不要）\n\t\ttouch "$ELOOP_LIB_DIR/tmp/mute_local_bgm"\n\t\tlog "[SOREN91] Muted local game BGM (flag file)"\n\t\tlog "[SOREN91] soren91 browser audio gain=${SOREN91_AUDIO_GAIN_MULTIPLIER:-0.70}"\n\t\t# 読み上げアナウンス + 戦略解説 (バックグラウンド)\n\t\t{\n\t\t\tlocal announce_file\n\t\t\tannounce_file=$(mktemp /tmp/eloop_soren91_announce.XXXXXX)\n\t\t\tprintf \'%s\\n\' "中華AIが戦略を改善中。その間、メリケンAIがソ連ゲーム91で同志を迎え撃ちます。挑戦お待ちしています" > "$announce_file"\n\t\t\tSAY_VOICEVOX_SPEAKER_OVERRIDE="$SOREN91_VOICEVOX_SPEAKER" SAY_CONTEXT_LABEL="soren91:announce" ./say_enqueue.sh "$announce_file" "$RADIO_SAY_RATE" 0 2>/dev/null || true\n\t\t\trm -f "$announce_file"\n\n\t\t\t# soren91の現在の戦略を解説\n\t\t\t\tlocal strategy_header=""\n\t\t\t\tstrategy_header=$(sed -n \'1,/\\*\\//p\' "$SOREN91_DIR/strategy.mjs" 2>/dev/null)\n\t\t\t\tif [ -n "$strategy_header" ]; then\n\t\t\t\t\tlocal strategy_explain=""\n\t\t\t\t\tif strategy_explain=$(_soren91_generate_strategy_explanation "$strategy_header"); then\n\t\t\t\t\t\t_soren91_dump_strategy_explanation_debug "raw" "$strategy_explain"\n\t\t\t\t\telse\n\t\t\t\t\t\t_soren91_dump_strategy_explanation_debug "raw_failed" "$strategy_explain"\n\t\t\t\t\t\tlog "[SOREN91] 戦略解説の生成に失敗したため読み上げをスキップ"\n\t\t\t\t\t\tstrategy_explain=""\n\t\t\t\t\tfi\n\t\t\t\t\tif [ -n "$strategy_explain" ] && _soren91_text_is_meta_failure "$strategy_explain"; then\n\t\t\t\t\t\tlog "[SOREN91] 戦略解説がメタ失敗文のため読み上げをスキップ"\n\t\t\t\t\t\tstrategy_explain=""\n\t\t\t\t\tfi\n\t\t\t\t\tif [ -n "$strategy_explain" ] && ! _soren91_text_has_japanese "$strategy_explain"; then\n\t\t\t\t\t\tlocal rewritten_strategy_explain=""\n\t\t\t\t\t\tlog "[SOREN91] 戦略解説が英語寄りのため日本語へ再生成"\n\t\t\t\t\t\tif rewritten_strategy_explain=$(_soren91_rewrite_strategy_explanation_to_japanese "$strategy_explain"); then\n\t\t\t\t\t\t\tstrategy_explain="$rewritten_strategy_explain"\n\t\t\t\t\t\telse\n\t\t\t\t\t\t\tlog "[SOREN91] 戦略解説の日本語化生成に失敗したため読み上げをスキップ"\n\t\t\t\t\t\t\tstrategy_explain=""\n\t\t\t\t\t\tfi\n\t\t\t\t\tfi\n\t\t\t\t\tif [ -n "$strategy_explain" ] && _soren91_text_is_meta_failure "$strategy_explain"; then\n\t\t\t\t\t\tlog "[SOREN91] 戦略解説の日本語化結果がメタ失敗文のため読み上げをスキップ"\n\t\t\t\t\t\tstrategy_explain=""\n\t\t\t\t\tfi\n\t\t\t\t\tif [ -n "$strategy_explain" ] && ! _soren91_text_has_japanese "$strategy_explain"; then\n\t\t\t\t\t\tlog "[SOREN91] 戦略解説の日本語化に失敗したため読み上げをスキップ"\n\t\t\t\t\t\tstrategy_explain=""\n\t\t\t\t\tfi\n\t\t\t\t\tif _soren91_text_is_meta_failure "$strategy_explain"; then\n\t\t\t\t\t\tlog "[SOREN91] 戦略解説の最終ガードでメタ失敗文を検出したため読み上げをスキップ"\n\t\t\t\t\t\tstrategy_explain=""\n\t\t\t\t\tfi\n\t\t\t\t\tif [ -n "$strategy_explain" ]; then\n\t\t\t\t\t\tstrategy_explain=$(_soren91_normalize_spoken_uppercase "$strategy_explain")\n\t\t\t\t\t\t_soren91_dump_strategy_explanation_debug "final" "$strategy_explain"\n\t\t\t\t\t\tlocal explain_file\n\t\t\t\t\t\texplain_file=$(mktemp /tmp/eloop_soren91_strategy.XXXXXX)\n\t\t\t\t\t\tprintf \'%s\\n\' "$strategy_explain" > "$explain_file"\n\t\t\t\t\tSAY_VOICEVOX_SPEAKER_OVERRIDE="$SOREN91_VOICEVOX_SPEAKER" SAY_CONTEXT_LABEL="soren91:strategy" ./say_enqueue.sh "$explain_file" "$RADIO_SAY_RATE" 0 2>/dev/null || true\n\t\t\t\t\trm -f "$explain_file"\n\t\t\t\t\tlog "[SOREN91] 戦略解説を読み上げ"\n\t\t\t\tfi\n\t\t\tfi\n\t\t} &\n\t\t_soren91_start_capitalism_corner >/dev/null 2>&1 &\n\t\t_set_soren91_mode_flag\n\t\t# ダッシュボードHTMLを即時クリア（前ゲームGAMEOVER状態の残骸を消す）\n\t\t(cd "$ELOOP_LIB_DIR" && ./generate_dashboard.sh MOVE >/dev/null 2>&1) || true\n\t\t_soren91_switch_obs_layout meriken || true\n\telse\n\t\tlog "[SOREN91] WARNING: Process died immediately (PID=$pid)"\n\t\trm -f "$SOREN91_PID_FILE"\n\t\treturn 1\n\tfi\n\treturn 0\n}\n\n_soren91_record_end_game() {\n\t# セッション終了時のゲーム番号を記録 (stop/早期終了の両方から呼ばれる)\n\tlocal end_game=0\n\tif [ -d "$SOREN91_DIR/game_history" ]; then\n\t\tend_game=$(ls -1 "$SOREN91_DIR/game_history"/game_*.jsonl 2>/dev/null | wc -l | tr -d \' \')\n\tfi\n\tif [ -f "$SOREN91_SESSION_FILE" ]; then\n\t\tpython3 -c "\nimport json, sys\nwith open(\'$SOREN91_SESSION_FILE\') as f:\n    sess = json.load(f)\nsess[\'end_game\'] = $end_game\nsess[\'end_time\'] = \'$(date -u +%Y-%m-%dT%H:%M:%SZ)\'\nwith open(\'$SOREN91_SESSION_FILE\', \'w\') as f:\n    json.dump(sess, f)\n" 2>/dev/null || true\n\tfi\n\techo "$end_game"\n}\n\n# 戦略改善から復帰した直後 (soren91_stop の unmute 後) に soviet_local を\n# 再起動する。改善 PAUSE 中に suspend した Unity AudioContext は、復帰時の\n# in-page resume() が Chrome の autoplay/visibility gating で安定して効かず\n# (実測: unmute 後も state=suspended のまま → ゲーム音が BlackHole に乗らない)。\n# sink-at-construction により bridge を作り直せば AudioContext は生成時点で\n# running かつ BlackHole バインドになる (実証済) ため、復帰のたびに確実に\n# 音声を回復させる。ユーザー指示 (#90 関連) による恒久対応。\n# 引数 $1=1 のとき (=直前まで改善mute中だった) のみ実行。\n_soren91_restart_bridge_after_improve() {\n\t[ "${1:-0}" = "1" ] || return 0\n\tif ! command -v _br_relaunch >/dev/null 2>&1; then\n\t\tlog "[SOREN91] bridge再起動スキップ (_br_relaunch 未ロード)"\n\t\treturn 0\n\tfi\n\tlog "[SOREN91] 改善復帰: soviet_local を再起動し AudioContext を running+BlackHole で作り直す"\n\t# _br_relaunch は Fix0 lease を取得し他復旧アクターと競合しない。\n\t# lease 他者保持(=2) や一過性ロックは soviet_watchdog が後追い復旧するので\n\t# ここでは soren91_stop を失敗させない。\n\tlocal retries="${SOREN91_BRIDGE_RESTART_RETRIES:-2}"\n\tcase "$retries" in \'\'|*[!0-9]*) retries=2 ;; esac\n\tlocal attempt=1 rc=1\n\twhile [ "$attempt" -le "$retries" ]; do\n\t\tif _br_relaunch; then\n\t\t\tlog "[SOREN91] bridge再起動 成功 (改善復帰 attempt=$attempt)"\n\t\t\treturn 0\n\t\tfi\n\t\trc=$?\n\t\tlog "[SOREN91] bridge再起動 失敗 (attempt=$attempt/$retries rc=$rc)"\n\t\t[ "$attempt" -lt "$retries" ] && sleep "${SOREN91_BRIDGE_RESTART_RETRY_SLEEP:-5}"\n\t\tattempt=$((attempt + 1))\n\tdone\n\tlog "[SOREN91] bridge再起動 譲渡/失敗 (rc=$rc → watchdog委譲)"\n\treturn 0\n}\n\nsoren91_stop() {\n\t_soren91_enabled || return 0\n\ttouch "$SOREN91_STOPPING_FILE"\n\n\tlocal pid=""\n\tpid=$(_soren91_read_alive_player_pid 2>/dev/null || true)\n\n\tif [ -z "$pid" ] || ! _soren91_pid_is_alive "$pid"; then\n\t\t# プロセスが既に終了 → end_game だけ記録して終了\n\t\tlog "[SOREN91] Not running, recording end_game"\n\t\tlocal eg\n\t\teg=$(_soren91_record_end_game)\n\t\t_soren91_kill_runner_session\n\t\t_soren91_sweep_orphan_runners\n\t\t_clear_meriken_time_state\n\t\t_clear_soren91_mode_flag\n\t\trm -f "$SOREN91_PID_FILE" "$SOREN91_MAIN_PID_FILE" "$SOREN91_STOP_FILE" "$SOREN91_STOPPING_FILE" "$SOREN91_DIR/tmp/in_game"\n\t\t_soren91_clear_stale_runner_lock\n\t\tlocal _had_mute=0; [ -f "$ELOOP_LIB_DIR/tmp/mute_local_bgm" ] && _had_mute=1\n\t\trm -f "$ELOOP_LIB_DIR/tmp/mute_local_bgm"\n\t\t_soren91_close_shared_game_tabs\n\t\t_soren91_stop_standalone_browser\n\t\t_soren91_switch_obs_layout china || true\n\t\tlog "[SOREN91] Unmuted local game BGM (flag file removed)"\n\t\t_soren91_restart_bridge_after_improve "$_had_mute"\n\t\tlog "[SOREN91] Stopped (already exited, end_game=$eg)"\n\t\treturn 0\n\tfi\n\n\tlog "[SOREN91] Stopping soren91 (PID=$pid)..."\n\n\t# graceful stop: stop ファイルを作成して現在のゲーム終了を待つ\n\ttouch "$SOREN91_STOP_FILE"\n\n\tlocal in_game_file="$SOREN91_DIR/tmp/in_game"\n\n\t# Phase 1: 試合中なら試合終了を待つ。長すぎる居残りを避けるため、\n\t# 固定600秒ではなく SOREN91_STOP_TIMEOUT に従う。\n\tlocal game_waited=0\n\tlocal max_game_wait="${SOREN91_STOP_TIMEOUT:-300}"\n\tcase "$max_game_wait" in\n\t\'\'|*[!0-9]*) max_game_wait=300 ;;\n\tesac\n\twhile [ -f "$in_game_file" ] && _soren91_pid_is_alive "$pid" && [ "$game_waited" -lt "$max_game_wait" ]; do\n\t\tlog "[SOREN91] Game in progress, waiting for round to end... (${game_waited}s/${max_game_wait}s)"\n\t\tsleep 5\n\t\tgame_waited=$((game_waited + 5))\n\tdone\n\n\t# Phase 2: 試合終了後、graceful exit を短時間待つ\n\tlocal waited=0\n\tlocal post_game_timeout=30\n\twhile [ "$waited" -lt "$post_game_timeout" ]; do\n\t\tif ! _soren91_pid_is_alive "$pid"; then\n\t\t\tlog "[SOREN91] Stopped gracefully after game ended"\n\t\t\tbreak\n\t\tfi\n\t\tsleep 2\n\t\twaited=$((waited + 2))\n\tdone\n\n\t# Phase 3: それでも生きていたら強制停止 (従来通り)\n\tif _soren91_pid_is_alive "$pid"; then\n\t\tlog "[SOREN91] Post-game timeout, force stopping..."\n\t\t_stop_loop_descendants "$pid"\n\t\t_stop_pid_with_fallback "$pid" "soren91"\n\t\t_soren91_kill_runner_session\n\tfi\n\n\t# Phase 4: run_player_loop.sh (runner) の確実な終了を待つ\n\tlocal runner_pid=""\n\t[ -f "$SOREN91_PID_FILE" ] && runner_pid=$(cat "$SOREN91_PID_FILE" 2>/dev/null)\n\tcase "$runner_pid" in \'\'|*[!0-9]*) runner_pid="" ;; esac\n\tif [ -n "$runner_pid" ] && _soren91_pid_is_alive "$runner_pid"; then\n\t\tlocal runner_waited=0\n\t\twhile _soren91_pid_is_alive "$runner_pid" && [ "$runner_waited" -lt 10 ]; do\n\t\t\tsleep 1\n\t\t\trunner_waited=$((runner_waited + 1))\n\t\tdone\n\t\tif _soren91_pid_is_alive "$runner_pid"; then\n\t\t\tlog "[SOREN91] Killing stray runner process (PID=$runner_pid)"\n\t\t\tkill "$runner_pid" 2>/dev/null || true\n\t\tfi\n\tfi\n\t_soren91_kill_runner_session\n\t_soren91_sweep_orphan_runners\n\n\tlocal eg\n\teg=$(_soren91_record_end_game)\n\n\trm -f "$SOREN91_PID_FILE" "$SOREN91_MAIN_PID_FILE" "$SOREN91_STOP_FILE" "$SOREN91_STOPPING_FILE" "$SOREN91_DIR/tmp/in_game"\n\trm -f "$SOREN91_LAST_ACTIVATE_STATE_FILE"\n\t_soren91_clear_stale_runner_lock\n\t_clear_meriken_time_state\n\t_clear_soren91_mode_flag\n\t# 中華AI側のBGMをアンミュート（改善終了・復帰）\n\tlocal _had_mute=0; [ -f "$ELOOP_LIB_DIR/tmp/mute_local_bgm" ] && _had_mute=1\n\trm -f "$ELOOP_LIB_DIR/tmp/mute_local_bgm"\n\t_soren91_close_shared_game_tabs\n\t_soren91_stop_standalone_browser\n\t_soren91_switch_obs_layout china || true\n\tlog "[SOREN91] Unmuted local game BGM (flag file removed)"\n\t_soren91_restart_bridge_after_improve "$_had_mute"\n\n\t# メリケンAI終了あいさつ (TTS + Twitch) — 重複防止\n\tlocal _bye_guard="$TMP_STATE_DIR/.soren91_bye_sent"\n\tif [ ! -f "$_bye_guard" ]; then\n\t\ttouch "$_bye_guard"\n\t\t{\n\t\t\tlocal _bye_file\n\t\t\t_bye_file=$(mktemp /tmp/eloop_soren91_bye.XXXXXX)\n\t\t\tprintf \'%s\\n\' "対戦ありがとうございました。メリケンAIはここで退場しますね、またね！" > "$_bye_file"\n\t\t\tSAY_VOICEVOX_SPEAKER_OVERRIDE="$SOREN91_VOICEVOX_SPEAKER" SAY_CONTEXT_LABEL="soren91:bye" ./say_enqueue.sh "$_bye_file" "$RADIO_SAY_RATE" 0 2>/dev/null || true\n\t\t\trm -f "$_bye_file"\n\t\t} &\n\t\tenqueue_chat_message "対戦ありがとうございました。メリケンAIはここで退場しますね、またね！" "soren91"\n\tfi\n\n\tlog "[SOREN91] Stopped (end_game=$eg)"\n\treturn 0\n}\n\nsoren91_improve() {\n\t_soren91_enabled || return 0\n\n\t# 直前の改善終了・プロセス再利用で stale lock が残ることがある。\n\t# 起動判断の前に「本当に improve.mjs か」を確認して、誤って skip しない。\n\tsoren91_harvest_hung_improve || true\n\n\t# ロック + PID生存チェック\n\tif [ -f "$SOREN91_IMPROVE_LOCK" ] && [ -f "$SOREN91_IMPROVE_PID_FILE" ]; then\n\t\tlocal imp_pid\n\t\timp_pid=$(cat "$SOREN91_IMPROVE_PID_FILE" 2>/dev/null)\n\t\tcase "$imp_pid" in\n\t\t\'\'|*[!0-9]*) ;;\n\t\t*)\n\t\t\tif _soren91_is_improve_process "$imp_pid"; then\n\t\t\t\tlog "[SOREN91] Improvement already running (PID=$imp_pid), skip"\n\t\t\t\treturn 0\n\t\t\tfi\n\t\t\t;;\n\t\tesac\n\t\t# stale lock cleanup\n\t\trm -f "$SOREN91_IMPROVE_LOCK" "$SOREN91_IMPROVE_PID_FILE"\n\tfi\n\n\t# セッションデータからゲーム範囲を取得\n\tif [ ! -f "$SOREN91_SESSION_FILE" ]; then\n\t\tlog "[SOREN91] No session file, skip improve"\n\t\treturn 0\n\tfi\n\n\tlocal start_game end_game\n\tstart_game=$(python3 -c "import json; print(json.load(open(\'$SOREN91_SESSION_FILE\')).get(\'start_game\',0))" 2>/dev/null || echo 0)\n\tend_game=$(python3 -c "import json; print(json.load(open(\'$SOREN91_SESSION_FILE\')).get(\'end_game\',0))" 2>/dev/null || echo 0)\n\n\tlocal games_played=$((end_game - start_game))\n\tif [ "$games_played" -le 0 ]; then\n\t\tlog "[SOREN91] No games played in session (start=$start_game, end=$end_game), skip improve"\n\t\treturn 0\n\tfi\n\n\tlog "[SOREN91] Starting improvement for games $start_game-$end_game ($games_played games)..."\n\ttouch "$SOREN91_IMPROVE_LOCK"\n\n\t(\n\t\tcd "$SOREN91_DIR" && \\\n\t\tnode improve.mjs --standalone "$start_game" "$end_game" \\\n\t\t\t>> "$SOREN91_DIR/tmp/soren91_improve.log" 2>&1\n\t\trm -f "$SOREN91_IMPROVE_LOCK" "$SOREN91_IMPROVE_PID_FILE"\n\t) &\n\tlocal pid=$!\n\techo "$pid" > "$SOREN91_IMPROVE_PID_FILE"\n\tlog "[SOREN91] Improvement started (PID=$pid, games=$start_game-$end_game)"\n\treturn 0\n}\n\nsoren91_cleanup() {\n\t_soren91_enabled || return 0\n\n\t# プレイヤープロセス停止 (コマンド名を検証して誤kill防止)\n\tlocal player_pids="" pid=""\n\tif [ -f "$SOREN91_PID_FILE" ]; then\n\t\tpid=$(cat "$SOREN91_PID_FILE" 2>/dev/null)\n\t\tcase "$pid" in\n\t\t\'\'|*[!0-9]*) ;;\n\t\t*) player_pids="$player_pids $pid" ;;\n\t\tesac\n\tfi\n\tplayer_pids="$player_pids $(_soren91_scan_alive_main_pids 2>/dev/null | tr \'\\n\' \' \')"\n\tplayer_pids="$player_pids $(_soren91_scan_log_writer_pids 2>/dev/null | tr \'\\n\' \' \')"\n\tplayer_pids="$player_pids $(_soren91_scan_alive_runner_pids 2>/dev/null | tr \'\\n\' \' \')"\n\tfor pid in $player_pids; do\n\t\tcase "$pid" in\n\t\t\'\'|*[!0-9]*) continue ;;\n\t\tesac\n\t\tif _soren91_pid_is_alive "$pid"; then\n\t\t\tlocal cmd\n\t\t\tcmd=$(ps -p "$pid" -o command= 2>/dev/null || echo "")\n\t\t\tif [ -z "$cmd" ] || echo "$cmd" | grep -Eq \'main\\.mjs|run_player_loop\\.sh|soren_loop\\.sh\'; then\n\t\t\t\tlog "[SOREN91] Cleanup: stopping player (PID=$pid)"\n\t\t\t\t_stop_loop_descendants "$pid"\n\t\t\t\t_stop_pid_with_fallback "$pid" "soren91_player"\n\t\t\telse\n\t\t\t\tlog "[SOREN91] Cleanup: PID=$pid is not soren91 player ($cmd), skipping"\n\t\t\tfi\n\t\tfi\n\tdone\n\t_soren91_kill_runner_session\n\n\t# 改善プロセス停止 (コマンド名を検証)\n\tif [ -f "$SOREN91_IMPROVE_PID_FILE" ]; then\n\t\tlocal imp_pid\n\t\timp_pid=$(cat "$SOREN91_IMPROVE_PID_FILE" 2>/dev/null)\n\t\tcase "$imp_pid" in\n\t\t\'\'|*[!0-9]*) ;;\n\t\t*)\n\t\t\tif kill -0 "$imp_pid" 2>/dev/null; then\n\t\t\t\tlocal cmd\n\t\t\t\tcmd=$(ps -p "$imp_pid" -o command= 2>/dev/null || echo "")\n\t\t\t\tif echo "$cmd" | grep -q "improve.mjs"; then\n\t\t\t\t\tlog "[SOREN91] Cleanup: stopping improve (PID=$imp_pid)"\n\t\t\t\t\t_stop_loop_descendants "$imp_pid"\n\t\t\t\t\t_stop_pid_with_fallback "$imp_pid" "soren91_improve"\n\t\t\t\telse\n\t\t\t\t\tlog "[SOREN91] Cleanup: PID=$imp_pid is not soren91 improve ($cmd), skipping"\n\t\t\t\tfi\n\t\t\tfi\n\t\t\t;;\n\t\tesac\n\tfi\n\n\t# ファイルクリーンアップ\n\trm -f "$SOREN91_PID_FILE" "$SOREN91_IMPROVE_PID_FILE" \\\n\t\t"$SOREN91_IMPROVE_LOCK" "$SOREN91_STOP_FILE" \\\n\t\t"$SOREN91_MAIN_PID_FILE" \\\n\t\t"$SOREN91_DIR/tmp/in_game" \\\n\t\t"$ELOOP_LIB_DIR/tmp/mute_local_bgm"\n\t_soren91_clear_stale_runner_lock\n\t_clear_meriken_time_state\n\t_soren91_close_shared_game_tabs\n\t_soren91_stop_standalone_browser\n\t_soren91_switch_obs_layout china || true\n}\n'
==============
FAIL: test_soviet_local_browser_launch_does_not_raise_focus_on_macos (tests.test_escape_mechanisms.TestSoren91RunnerLaunch.test_soviet_local_browser_launch_does_not_raise_focus_on_macos)
----------------------------------------------------------------------
Traceback (most recent call last):
  File "/Users/azumag/azumag/work/soren/tests/test_escape_mechanisms.py", line 3396, in test_soviet_local_browser_launch_does_not_raise_focus_on_macos
    self.assertIn("Google Chrome(?: for Testing)?", local)
    ~~~~~~~~~~~~~^^^^^^^^^^^^^^^^^^^^^^^^^^^^^^^^^^^^^^^^^
AssertionError: 'Google Chrome(?: for Testing)?' not found in 'import { chromium } from \'playwright\';\nimport fs from \'fs\';\nimport http from \'http\';\nimport path from \'path\';\nimport crypto from \'crypto\';\nimport { fileURLToPath } from \'url\';\nimport { execFile } from \'child_process\';\n\nconst __dirname = path.dirname(fileURLToPath(import.meta.url));\n\nfunction loadDotEnv() {\n  const envPath = path.join(__dirname, \'.env\');\n  if (!fs.existsSync(envPath)) return;\n  for (const line of fs.readFileSync(envPath, \'utf-8\').split(/\\n/)) {\n    const match = line.match(/^([A-Z0-9_]+)=(.*)$/);\n    if (!match) continue;\n    let value = match[2].trim();\n    if ((value.startsWith(\'"\') && value.endsWith(\'"\')) || (value.startsWith("\'") && value.endsWith("\'"))) {\n      value = value.slice(1, -1);\n    }\n    process.env[match[1]] = value;\n  }\n}\n\nloadDotEnv();\n\nfunction bridgeLogExit(reason) {\n  const line = `[${new Date().toISOString()}] [BRIDGE-EXIT] ${reason}`;\n  try { console.error(line); } catch {}\n  try { fs.appendFileSync(\'tmp/soviet_local.exit.log\', `${line}\\n`); } catch {}\n}\n\nprocess.on(\'beforeExit\', (code) => bridgeLogExit(`beforeExit code=${code}`));\nprocess.on(\'exit\', (code) => bridgeLogExit(`exit code=${code}`));\nfor (const signal of [\'SIGTERM\', \'SIGHUP\']) {\n  process.on(signal, () => {\n    bridgeLogExit(`signal ${signal}`);\n    process.exit(signal === \'SIGTERM\' ? 143 : 129);\n  });\n}\n\nconst BUILD_DIR = \'sorengame/build\';\nconst COMMAND_FILE = \'commands.txt\';\nconst GAME_STATE_PATH = \'game_state.json\';\nconst MUTE_FLAG_FILE = \'tmp/mute_local_bgm\';\nconst AUDIO_HEALTH_FILE = \'tmp/state/local_audio_health.json\';\n// Persisted BlackHole (CHROME_AUDIO_OUTPUT_LABEL) audiooutput deviceId. Chrome\'s\n// mediaDevices deviceId is stable per (origin, persistent profile), so caching the\n// last-resolved id lets us seed __sorenSinkId BEFORE Unity creates its AudioContext.\n// This wins the resolve-vs-create race deterministically: without it, when Unity\'s\n// context is constructed before the async enumerateDevices resolve completes, it\n// binds to the default macOS output (sinkId=\'\') and — since live setSinkId crashes\n// Unity (#90) — stays off BlackHole for the whole bridge run, so OBS captures\n// silence ("ゲーム音でてない"). A stale id just throws at construction and falls\n// back to default (no crash), and the async resolve refreshes it next launch.\nconst AUDIO_SINK_CACHE_FILE = \'tmp/state/chrome_audio_sink_id.txt\';\nconst SERVE_PORT = parseInt(process.env.SOREN_SERVE_PORT || \'8080\', 10);\nconst CDP_PORT = parseInt(process.env.SOREN_CDP_PORT || \'9222\', 10);\nconst CDP_ENDPOINT_FILE = path.join(__dirname, \'tmp\', \'cdp_endpoint.json\');\nconst USER_DATA_DIR = process.env.SOREN_LOCAL_USER_DATA_DIR || path.join(__dirname, \'tmp\', \'soviet_local_chromium_profile\');\nconst CHROME_HEADLESS = [\'1\', \'true\', \'yes\', \'on\'].includes(String(process.env.SOREN_CHROME_HEADLESS || \'\').toLowerCase());\n// Unity WebGL can crash Chrome when AudioContext.setSinkId() is applied to its\n// context on some macOS audio graphs. Keep per-context routing opt-in; OBS\n// application-audio capture is safer for the live game.\nconst CHROME_AUDIO_OUTPUT_LABEL = process.env.SOREN_CHROME_AUDIO_OUTPUT_LABEL || \'\';\n// 起動時に音量スライダーを必要な範囲だけ下げる。\n// AudioManager: 実音量 = defaultVolume * 0.125 * value (slider int 0..10, 既定3)。\n// SE は既定 1.5 (=既定3の半分)。BGM は通常本線では触らず、並列評価などが env で指定する。\nconst SE_VOLUME_RAW = process.env.SOREN_SE_VOLUME ?? \'1.5\';\nconst SE_VOLUME = (SE_VOLUME_RAW === \'off\' || SE_VOLUME_RAW === \'\') ? null : Number(SE_VOLUME_RAW);\nconst BGM_VOLUME_RAW = process.env.SOREN_BGM_VOLUME ?? \'off\';\nconst BGM_VOLUME = (BGM_VOLUME_RAW === \'off\' || BGM_VOLUME_RAW === \'\') ? null : Number(BGM_VOLUME_RAW);\nconst UNITY_VOLUME_REAPPLY_MS = parseInt(process.env.SOREN_UNITY_VOLUME_REAPPLY_MS || \'5000\', 10);\nconst UNITY_AUDIO_WATCHDOG_MS = parseInt(process.env.SOREN_UNITY_AUDIO_WATCHDOG_MS || \'10000\', 10);\nconst UNITY_AUDIO_RECOVER_COOLDOWN_MS = parseInt(process.env.SOREN_UNITY_AUDIO_RECOVER_COOLDOWN_MS || \'30000\', 10);\nconst OBS_GAME_SOURCE_NAME = process.env.SOREN_OBS_GAME_SOURCE_NAME || \'sorengame\';\n\nfunction writeJsonAtomic(filePath, data) {\n  const tmpPath = `${filePath}.tmp`;\n  fs.writeFileSync(tmpPath, JSON.stringify(data));\n  fs.renameSync(tmpPath, filePath);\n}\n\nfunction seedChromeTranslatePreferences(userDataDir) {\n  const defaultDir = path.join(userDataDir, \'Default\');\n  const prefPath = path.join(defaultDir, \'Preferences\');\n  let prefs = {};\n  try {\n    if (fs.existsSync(prefPath)) {\n      prefs = JSON.parse(fs.readFileSync(prefPath, \'utf-8\'));\n    }\n  } catch {\n    prefs = {};\n  }\n\n  prefs.profile = { ...(prefs.profile || {}), exit_type: \'Normal\', exited_clean: true };\n  prefs.translate = { ...(prefs.translate || {}), enabled: false };\n  prefs.translate_blocked_languages = [\'en\', \'ja\'];\n  prefs.translate_site_blacklist = Array.from(new Set([\n    ...(\n      Array.isArray(prefs.translate_site_blacklist)\n        ? prefs.translate_site_blacklist\n        : []\n    ),\n    \'localhost\',\n    \'127.0.0.1\',\n  ]));\n  prefs.intl = { ...(prefs.intl || {}), accept_languages: \'ja-JP,ja,en-US,en\' };\n\n  fs.mkdirSync(defaultDir, { recursive: true });\n  writeJsonAtomic(prefPath, prefs);\n}\n\nfunction chromeAppPathFromExecutable(executablePath) {\n  if (process.env.SOREN_CHROME_APP_PATH) return process.env.SOREN_CHROME_APP_PATH;\n  const marker = \'.app/Contents/MacOS/\';\n  const idx = executablePath.indexOf(marker);\n  if (idx === -1) return \'\';\n  return executablePath.slice(0, idx + \'.app\'.length);\n}\n\nasync function waitForCdpBrowser(port, timeoutMs = 10000) {\n  const deadline = Date.now() + timeoutMs;\n  let lastError = null;\n  while (Date.now() < deadline) {\n    try {\n      return await chromium.connectOverCDP(`http://127.0.0.1:${port}`);\n    } catch (err) {\n      lastError = err;\n      await new Promise(resolve => setTimeout(resolve, 250));\n    }\n  }\n  throw lastError || new Error(`CDP did not become ready on port ${port}`);\n}\n\nasync function waitForCdpHttp(port, timeoutMs = 10000) {\n  const deadline = Date.now() + timeoutMs;\n  let lastError = null;\n  while (Date.now() < deadline) {\n    try {\n      const res = await fetch(`http://127.0.0.1:${port}/json/version`);\n      if (res.ok) return true;\n      lastError = new Error(`CDP HTTP ${res.status}`);\n    } catch (err) {\n      lastError = err;\n    }\n    await new Promise(resolve => setTimeout(resolve, 250));\n  }\n  throw lastError || new Error(`CDP HTTP did not become ready on port ${port}`);\n}\n\nasync function launchPersistentContextWithoutFocus(userDataDir, args) {\n  if (process.platform !== \'darwin\' || process.env.SOREN_CHROME_NO_FOCUS_LAUNCH === \'0\') {\n    return null;\n  }\n  if (process.env.SOREN_CHROME_ATTACH_ONLY === \'1\') {\n    const browser = await waitForCdpBrowser(CDP_PORT);\n    const context = browser.contexts()[0];\n    if (!context) {\n      await browser.close().catch(() => {});\n      throw new Error(\'attached Chromium has no default context\');\n    }\n    console.log(\'[NO-FOCUS] attached to prelaunched Chromium via CDP\');\n    return { browser, context };\n  }\n  if (process.env.SOREN_CHROME_FORCE_PLAYWRIGHT_LAUNCH === \'1\') {\n    return null;\n  }\n\n  const appPath = chromeAppPathFromExecutable(process.env.SOREN_CHROME_EXECUTABLE_PATH || chromium.executablePath());\n  if (!appPath) return null;\n\n  fs.mkdirSync(userDataDir, { recursive: true });\n  const openArgs = [\n    \'-g\',\n    \'-n\',\n    appPath,\n    \'--args\',\n    `--user-data-dir=${userDataDir}`,\n    ...args,\n  ];\n\n  const launchEnv = browserLaunchEnv(userDataDir);\n  await new Promise((resolve, reject) => {\n    execFile(\'/usr/bin/open\', openArgs, { env: launchEnv }, (err) => {\n      if (err) reject(err);\n      else resolve();\n    });\n  });\n\n  const browser = await waitForCdpBrowser(CDP_PORT);\n  const context = browser.contexts()[0];\n  if (!context) {\n    await browser.close().catch(() => {});\n    throw new Error(\'background-launched Chromium has no default context\');\n  }\n  console.log(\'[NO-FOCUS] Chromium launched in background via macOS open -g\');\n  return { browser, context };\n}\n\nfunction browserLaunchEnv(userDataDir) {\n  const env = { ...process.env };\n  const homeDir = env.SOREN_CHROME_HOME || env.HOME || \'\';\n  const configHome = env.XDG_CONFIG_HOME || (homeDir ? path.join(homeDir, \'.config\') : \'\');\n  const cacheHome = env.XDG_CACHE_HOME || (homeDir ? path.join(homeDir, \'.cache\') : \'\');\n  const tmpDir = env.TMPDIR || path.join(userDataDir, \'tmp\');\n  for (const dir of [homeDir, configHome, cacheHome, tmpDir]) {\n    if (dir) fs.mkdirSync(dir, { recursive: true });\n  }\n  if (homeDir) env.HOME = homeDir;\n  if (configHome) env.XDG_CONFIG_HOME = configHome;\n  if (cacheHome) env.XDG_CACHE_HOME = cacheHome;\n  env.TMPDIR = tmpDir;\n  return env;\n}\n\nasync function withBrowserLaunchEnv(userDataDir, fn) {\n  const launchEnv = browserLaunchEnv(userDataDir);\n  const keys = [\'HOME\', \'XDG_CONFIG_HOME\', \'XDG_CACHE_HOME\', \'TMPDIR\'];\n  const saved = {};\n  for (const key of keys) {\n    saved[key] = process.env[key];\n    if (launchEnv[key]) process.env[key] = launchEnv[key];\n    else delete process.env[key];\n  }\n  try {\n    return await fn(launchEnv);\n  } finally {\n    for (const key of keys) {\n      if (typeof saved[key] === \'undefined\') delete process.env[key];\n      else process.env[key] = saved[key];\n    }\n  }\n}\n\nfunction sha256Base64(text) {\n  return crypto.createHash(\'sha256\').update(text).digest(\'base64\');\n}\n\nasync function connectObs() {\n  const port = process.env.OBS_WEBSOCKET_PORT;\n  const password = process.env.OBS_WEBSOCKET_PASSWORD;\n  if (!port || !password || typeof WebSocket !== \'function\') return null;\n\n  const host = process.env.OBS_WEBSOCKET_HOST || \'127.0.0.1\';\n  const url = `ws://${host}:${Number(port)}`;\n  const ws = new WebSocket(url);\n  let hello = null;\n  let ready = false;\n  let requestSeq = 0;\n  const pending = new Map();\n\n  ws.addEventListener(\'message\', (event) => {\n    const payload = JSON.parse(String(event.data));\n    if (payload.op === 0) {\n      hello = payload.d || {};\n      return;\n    }\n    if (payload.op === 2) {\n      ready = true;\n      return;\n    }\n    if (payload.op === 7) {\n      const data = payload.d || {};\n      const pendingRequest = pending.get(data.requestId);\n      if (!pendingRequest) return;\n      pending.delete(data.requestId);\n      const status = data.requestStatus || {};\n      if (status.result) {\n        pendingRequest.resolve(data.responseData || {});\n      } else {\n        pendingRequest.reject(new Error(`${data.requestType} failed: ${status.comment || status.code || \'unknown\'}`));\n      }\n    }\n  });\n\n  await new Promise((resolve, reject) => {\n    const timer = setTimeout(() => reject(new Error(`Timed out connecting to OBS at ${url}`)), 3000);\n    ws.addEventListener(\'open\', () => {\n      clearTimeout(timer);\n      resolve();\n    });\n    ws.addEventListener(\'error\', (event) => {\n      clearTimeout(timer);\n      reject(new Error(event?.error?.message || `Failed to connect to OBS at ${url}`));\n    });\n  });\n\n  const helloDeadline = Date.now() + 3000;\n  while (!hello) {\n    if (Date.now() > helloDeadline) throw new Error(\'Timed out waiting for OBS hello\');\n    await new Promise(resolve => setTimeout(resolve, 25));\n  }\n\n  const identify = { op: 1, d: { rpcVersion: 1, eventSubscriptions: 0 } };\n  const auth = hello.authentication;\n  if (auth && auth.challenge && auth.salt) {\n    const secret = sha256Base64(password + auth.salt);\n    identify.d.authentication = sha256Base64(secret + auth.challenge);\n  }\n  ws.send(JSON.stringify(identify));\n\n  const readyDeadline = Date.now() + 3000;\n  while (!ready) {\n    if (Date.now() > readyDeadline) throw new Error(\'Timed out waiting for OBS identify\');\n    await new Promise(resolve => setTimeout(resolve, 25));\n  }\n\n  return {\n    request(requestType, requestData = {}) {\n      const requestId = `soren-${++requestSeq}`;\n      ws.send(JSON.stringify({ op: 6, d: { requestType, requestId, requestData } }));\n      return new Promise((resolve, reject) => pending.set(requestId, { resolve, reject }));\n    },\n    close() {\n      try { ws.close(); } catch {}\n    },\n  };\n}\n\nasync function updateObsGameSource() {\n  const obs = await connectObs();\n  if (!obs) return;\n\n  // The local game ALWAYS runs in "Google Chrome for Testing"\n  // (com.google.chrome.for.testing) with the page title\n  // "Unity WebGL Player | soren-game". Bind ONLY to that window — never to the\n  // user\'s personal "[Google Chrome]" window (e.g. a New Tab / DuckDuckGo page),\n  // a wildcard-parallel candidate, or the meriken/91 window. Binding the wrong\n  // window freezes the broadcast on unrelated content (the classic "audio plays\n  // but the screen is frozen" symptom). The macOS window title can lag a\n  // freshly-loaded page by a moment, so if the titled game window isn\'t visible\n  // yet we retry briefly, then leave the last-good binding untouched (the\n  // capture watchdog rebinds once the title appears) rather than guess a window.\n  const SOREN_TITLE = /Unity WebGL Player \\| soren-game/;\n  const FOR_TESTING = /\\[Google Chrome for Testing\\]/;\n  const findTarget = (windows) => windows.find(item =>\n    FOR_TESTING.test(item.itemName || \'\') && SOREN_TITLE.test(item.itemName || \'\')\n  ) || null;\n\n  try {\n    let target = null;\n    for (let attempt = 0; attempt < 10; attempt++) {\n      const response = await obs.request(\'GetInputPropertiesListPropertyItems\', {\n        inputName: OBS_GAME_SOURCE_NAME,\n        propertyName: \'window\',\n      });\n      const windows = Array.isArray(response.propertyItems) ? response.propertyItems : [];\n      target = findTarget(windows);\n      if (target) break;\n      await new Promise(resolve => setTimeout(resolve, 1000));\n    }\n\n    if (!target) {\n      console.warn(`OBS game source: soren-game window not visible yet for ${OBS_GAME_SOURCE_NAME}; leaving existing binding untouched (watchdog will rebind)`);\n      return;\n    }\n\n    await obs.request(\'SetInputSettings\', {\n      inputName: OBS_GAME_SOURCE_NAME,\n      inputSettings: {\n        type: 1,\n        application: \'com.google.chrome.for.testing\',\n        window: target.itemValue,\n        show_cursor: false,\n      },\n      overlay: true,\n    });\n    console.log(`OBS game source ${OBS_GAME_SOURCE_NAME} -> ${target.itemName} (${target.itemValue})`);\n  } finally {\n    obs.close();\n  }\n}\n\n// MIME types for Unity WebGL build\nconst MIME_TYPES = {\n  \'.html\': \'text/html\',\n  \'.js\': \'application/javascript\',\n  \'.css\': \'text/css\',\n  \'.png\': \'image/png\',\n  \'.ico\': \'image/x-icon\',\n  \'.data\': \'application/octet-stream\',\n  \'.wasm\': \'application/wasm\',\n  \'.gz\': null, // handled specially\n};\n\nasync function applyUnityVolume(page, label, objectName, methodName, volume, attempts = 10) {\n  if (volume == null || !Number.isFinite(volume)) return { configured: false, applied: false };\n\n  let applied = false;\n  for (let i = 0; i < attempts; i++) {\n    try {\n      const ok = await page.evaluate(({ objectName: targetObject, methodName: targetMethod, value }) => {\n        if (!window.unityInstance || typeof window.unityInstance.SendMessage !== \'function\') return false;\n        window.unityInstance.SendMessage(targetObject, targetMethod, value);\n        return true;\n      }, { objectName, methodName, value: volume });\n      if (ok) { applied = true; break; }\n    } catch {}\n    await page.waitForTimeout(1000);\n  }\n  console.log(applied\n    ? `${label} volume set to ${volume}`\n    : `WARNING: failed to set ${label} volume (unityInstance/AudioManager unavailable)`);\n  return { configured: true, applied };\n}\n\nasync function installUnityVolumeReapply(page) {\n  const bgmVolume = (BGM_VOLUME != null && Number.isFinite(BGM_VOLUME)) ? BGM_VOLUME : null;\n  const seVolume = (SE_VOLUME != null && Number.isFinite(SE_VOLUME)) ? SE_VOLUME : null;\n  if (bgmVolume == null && seVolume == null) return;\n\n  await page.evaluate(({ bgmVolume: nextBgm, seVolume: nextSe, intervalMs }) => {\n    const apply = () => {\n      try {\n        if (!window.unityInstance || typeof window.unityInstance.SendMessage !== \'function\') return;\n        if (nextBgm != null) {\n          window.unityInstance.SendMessage(\'Audio Manager\', \'SetBGMVolume\', nextBgm);\n        }\n        if (nextSe != null) {\n          window.unityInstance.SendMessage(\'Audio Manager\', \'SetSEVolume\', nextSe);\n        }\n      } catch (_) {\n        // Unity may not be ready during scene loads; the next tick will retry.\n      }\n    };\n    apply();\n    if (Number.isFinite(intervalMs) && intervalMs > 0 && !window.__sorenUnityVolumeReapplyTimer) {\n      window.__sorenUnityVolumeReapplyTimer = setInterval(apply, intervalMs);\n    }\n  }, { bgmVolume, seVolume, intervalMs: UNITY_VOLUME_REAPPLY_MS });\n}\n\n// Custom static file server that handles .gz files with correct Content-Encoding\nfunction startServer() {\n  return new Promise((resolve) => {\n    const server = http.createServer((req, res) => {\n      let filePath = path.join(BUILD_DIR, req.url === \'/\' ? \'index.html\' : req.url);\n      filePath = decodeURIComponent(filePath);\n\n      if (!fs.existsSync(filePath)) {\n        res.writeHead(404);\n        res.end(\'Not found\');\n        return;\n      }\n\n      const ext = path.extname(filePath);\n\n      const noCache = {\n        \'Cache-Control\': \'no-store, no-cache, must-revalidate\',\n        \'Pragma\': \'no-cache\',\n        \'Expires\': \'0\',\n      };\n\n      if (ext === \'.gz\') {\n        // Serve .gz files with Content-Encoding: gzip and correct Content-Type\n        const innerExt = path.extname(filePath.slice(0, -3)); // e.g. .js from .js.gz\n        const contentType = MIME_TYPES[innerExt] || \'application/octet-stream\';\n        res.writeHead(200, {\n          \'Content-Type\': contentType,\n          \'Content-Encoding\': \'gzip\',\n          ...noCache,\n        });\n      } else {\n        const contentType = MIME_TYPES[ext] || \'application/octet-stream\';\n        res.writeHead(200, { \'Content-Type\': contentType, ...noCache });\n      }\n\n      fs.createReadStream(filePath).pipe(res);\n    });\n\n    server.listen(SERVE_PORT, () => {\n      resolve(server);\n    });\n  });\n}\n\n// Read commands from commands.txt (same format as soviet_game.mjs)\nfunction readCommands() {\n  try {\n    if (!fs.existsSync(COMMAND_FILE)) return [];\n    const content = fs.readFileSync(COMMAND_FILE, \'utf-8\').trim();\n    if (!content) return [];\n\n    const lines = content.split(\'\\n\').filter(l => l.trim());\n    const commands = [];\n\n    for (const line of lines) {\n      const trimmed = line.trim();\n      if (trimmed.toLowerCase() === \'retry\') {\n        commands.push({ action: \'retry\' });\n      } else if (trimmed.startsWith(\'[\')) {\n        try {\n          commands.push(...JSON.parse(trimmed));\n        } catch (e) {\n          console.log(\'Failed to parse JSON:\', trimmed);\n        }\n      } else if (trimmed.toLowerCase() === \'mute\') {\n        commands.push({ action: \'mute\' });\n      } else if (trimmed.toLowerCase() === \'unmute\') {\n        commands.push({ action: \'unmute\' });\n      } else {\n        // x,y format (canvas coords) — convert to game X coord\n        const parts = trimmed.split(\',\').map(s => parseInt(s.trim()));\n        if (parts.length === 2 && !isNaN(parts[0]) && !isNaN(parts[1])) {\n          // Convert canvas X (410-830 range) to game X (-3 to +3 range)\n          const boardL = 410, boardR = 830;\n          const gameX = ((parts[0] - boardL) / (boardR - boardL)) * 6 - 3;\n          const clampedX = Math.max(-3.0, Math.min(3.0, gameX));\n          commands.push({ action: \'drop\', x: clampedX });\n        }\n      }\n    }\n    return commands;\n  } catch (e) {\n    console.error(\'Error reading commands:\', e);\n    return [];\n  }\n}\n\nfunction clearCommands() {\n  try { fs.writeFileSync(COMMAND_FILE, \'\'); } catch (e) {}\n}\n\n// Get game state from JS Bridge\nasync function getGameState(page) {\n  try {\n    const state = await page.evaluate(() => window.__sorenGameState);\n    return state || null;\n  } catch (e) {\n    console.error(\'Error getting game state:\', e.message);\n    return null;\n  }\n}\n\n// Write game state to JSON file for AI loop\nfunction writeGameState(state) {\n  if (!state) return;\n  fs.writeFileSync(GAME_STATE_PATH, JSON.stringify(state, null, 2));\n}\n\nfunction writeAudioHealth(health) {\n  try {\n    fs.mkdirSync(path.dirname(AUDIO_HEALTH_FILE), { recursive: true });\n    fs.writeFileSync(AUDIO_HEALTH_FILE, JSON.stringify({\n      updatedAt: new Date().toISOString(),\n      ...health,\n    }, null, 2));\n  } catch {}\n}\n\nfunction readCachedSinkId() {\n  try {\n    const v = fs.readFileSync(AUDIO_SINK_CACHE_FILE, \'utf8\').trim();\n    return /^[0-9a-f]{16,}$/i.test(v) ? v : \'\';\n  } catch {\n    return \'\';\n  }\n}\n\nfunction writeCachedSinkId(deviceId) {\n  if (!deviceId || !/^[0-9a-f]{16,}$/i.test(deviceId)) return;\n  if (writeCachedSinkId._last === deviceId) return;\n  try {\n    fs.mkdirSync(path.dirname(AUDIO_SINK_CACHE_FILE), { recursive: true });\n    fs.writeFileSync(AUDIO_SINK_CACHE_FILE, `${deviceId}\\n`);\n    writeCachedSinkId._last = deviceId;\n  } catch {}\n}\n\nfunction withTimeout(promise, ms, label) {\n  let timer;\n  return Promise.race([\n    Promise.resolve(promise).finally(() => clearTimeout(timer)),\n    new Promise((_, reject) => {\n      timer = setTimeout(() => reject(new Error(`${label} timed out after ${ms}ms`)), ms);\n    }),\n  ]);\n}\n\nasync function inspectUnityAudio(page) {\n  try {\n    return await withTimeout(page.evaluate(() => {\n      const unity = (typeof Module !== \'undefined\' && Module.WebAudio && Module.WebAudio.audioContext)\n        ? Module.WebAudio.audioContext : null;\n      const tracked = (window.__sorenAudioContexts || []).map((ctx) => ({\n        state: ctx ? ctx.state : null,\n        sinkId: (ctx && typeof ctx.sinkId !== \'undefined\') ? String(ctx.sinkId) : \'n/a\',\n      }));\n      return {\n        unityPresent: Boolean(unity),\n        unityState: unity ? unity.state : null,\n        tracked,\n        muted: Boolean(window.__sorenMuted),\n        routeError: window.__sorenAudioOutputError || \'\',\n        routedDeviceId: window.__sorenAudioOutputDeviceId || \'\',\n        visibility: document.visibilityState,\n        hidden: document.hidden,\n      };\n    }), 3000, \'inspectUnityAudio\');\n  } catch (e) {\n    return { error: (e && e.message) || String(e) };\n  }\n}\n\nfunction unityAudioNeedsRecovery(health) {\n  if (!health || health.error || health.muted) return false;\n  const states = [];\n  if (health.unityState) states.push(health.unityState);\n  for (const item of health.tracked || []) {\n    if (item && item.state) states.push(item.state);\n  }\n  return states.some((state) => state === \'suspended\' || state === \'interrupted\');\n}\n\nasync function recoverUnityAudio(page, audioDiagLog, reason) {\n  try {\n    await page.mouse.click(640, 360);\n  } catch (e) {\n    audioDiagLog(`[AUDIO-WATCHDOG-CLICK-ERROR] ${(e && e.message) || String(e)}`);\n  }\n  try {\n    const result = await withTimeout(page.evaluate(async () => {\n      window.__sorenMuted = false;\n      const list = [...(window.__sorenAudioContexts || [])];\n      const unity = (typeof Module !== \'undefined\' && Module.WebAudio && Module.WebAudio.audioContext)\n        ? Module.WebAudio.audioContext : null;\n      if (unity && !list.includes(unity)) list.push(unity);\n      for (let attempt = 0; attempt < 5; attempt++) {\n        for (const ctx of list) {\n          try {\n            const resume = ctx.resume();\n            if (resume && typeof resume.catch === \'function\') resume.catch(() => {});\n          } catch {}\n        }\n        await new Promise(r => setTimeout(r, 500));\n      }\n      return {\n        unityState: unity ? unity.state : null,\n        tracked: list.map((ctx) => ({ state: ctx ? ctx.state : null })),\n      };\n    }), 8000, \'recoverUnityAudio\');\n    audioDiagLog(`[AUDIO-WATCHDOG-RECOVER] reason=${reason} ${JSON.stringify(result)}`);\n    return result;\n  } catch (e) {\n    audioDiagLog(`[AUDIO-WATCHDOG-RECOVER-ERROR] reason=${reason} ${(e && e.message) || String(e)}`);\n    return null;\n  }\n}\n\n// Check if state has changed (compare relevant fields)\nfunction stateChanged(prev, curr) {\n  if (!prev || !curr) return true;\n  return prev.state !== curr.state ||\n         prev.score !== curr.score ||\n         JSON.stringify(prev.pieces) !== JSON.stringify(curr.pieces);\n}\n\n// Execute a command via JS Bridge\nasync function executeCommand(page, command) {\n  if (command.action === \'retry\') {\n    console.log(\'Executing: RETRY\');\n    await page.evaluate(() => { window.__sorenCommand = \'RETRY\'; });\n    await page.waitForTimeout(2000);\n    // Re-inject best score after scene reload\n    try {\n      const bestScore = parseInt(fs.readFileSync(\'best_score.txt\', \'utf-8\').trim(), 10);\n      if (bestScore > 0) {\n        await page.evaluate((s) => { window.__sorenCommand = \'SET_RECORD:\' + s; }, bestScore);\n        console.log(`Re-injected best score record: ${bestScore}`);\n        await page.waitForTimeout(500);\n      }\n    } catch (e) { /* ignore */ }\n  } else if (command.action === \'cmd\') {\n    console.log(`Executing: ${command.value}`);\n    await page.evaluate((v) => { window.__sorenCommand = v; }, command.value);\n    await page.waitForTimeout(1000);\n  } else if (command.action === \'drop\') {\n    console.log(`Executing: DROP at x=${command.x.toFixed(3)}`);\n    await page.evaluate((x) => { window.__sorenCommand = \'DROP:\' + x; }, command.x);\n    await page.waitForTimeout(500);\n  } else if (command.action === \'mute\') {\n    console.log(\'Executing: MUTE\');\n    await page.evaluate(() => {\n      if (typeof Module !== \'undefined\' && Module.WebAudio && Module.WebAudio.audioContext) {\n        try { Module.WebAudio.audioContext.suspend(); } catch {}\n      }\n    });\n  } else if (command.action === \'unmute\') {\n    console.log(\'Executing: UNMUTE\');\n    await page.evaluate(() => {\n      if (typeof Module !== \'undefined\' && Module.WebAudio && Module.WebAudio.audioContext) {\n        try { Module.WebAudio.audioContext.resume(); } catch {}\n      }\n    });\n  }\n\n  // Update state after command\n  const state = await getGameState(page);\n  writeGameState(state);\n  return state;\n}\n\nasync function runLocalController() {\n  // Check build directory exists\n  if (!fs.existsSync(BUILD_DIR)) {\n    console.error(`Build directory not found: ${BUILD_DIR}`);\n    console.error(\'Please build the Unity WebGL project first (File → Build Settings → Build)\');\n    process.exit(1);\n  }\n\n  // Start local server\n  console.log(`Starting local server for ${BUILD_DIR} on port ${SERVE_PORT}...`);\n  let server;\n  try {\n    server = await startServer();\n    console.log(`Server started on port ${SERVE_PORT}`);\n  } catch (e) {\n    console.error(\'Failed to start server:\', e.message);\n    process.exit(1);\n  }\n\n  // Cleanup on exit\n  function removeCdpEndpoint() {\n    try { fs.unlinkSync(CDP_ENDPOINT_FILE); } catch {}\n  }\n  process.on(\'SIGINT\', () => {\n    console.log(\'\\nShutting down...\');\n    removeCdpEndpoint();\n    server.close();\n    process.exit(0);\n  });\n  process.on(\'exit\', removeCdpEndpoint);\n\n  let browser;\n  let context;\n  let closeBrowserAfterContext = false;\n  async function closeBrowser() {\n    if (context) {\n      try {\n        await context.close();\n      } catch (err) {\n        if (!closeBrowserAfterContext) throw err;\n      }\n      if (!closeBrowserAfterContext) return;\n    }\n    if (browser) {\n      await browser.close();\n    }\n  }\n\n  try {\n    fs.mkdirSync(path.dirname(USER_DATA_DIR), { recursive: true });\n    seedChromeTranslatePreferences(USER_DATA_DIR);\n    const launchArgs = [\n      \'--window-size=1300,800\',\n      `--remote-debugging-port=${CDP_PORT}`,\n      // 復旧時の kill -9 でプロファイルが unclean になり「正しく終了しませんでした」\n      // 復元バブルが配信画面隅に出続けるのを抑止\n      \'--hide-crash-restore-bubble\',\n      \'--disable-session-crashed-bubble\',\n      \'--disable-crash-reporter\',\n      \'--disable-crashpad\',\n      `--crash-dumps-dir=${path.join(USER_DATA_DIR, \'Crashpad\')}`,\n      \'--no-first-run\',\n      \'--no-default-browser-check\',\n      // Chrome for Testing が出す「自動テスト専用です…標準版 Chrome を…」帯\n      // (infobar) を抑止。これが無いと配信/param tuning 窓の表示領域が削られる。\n      // 実測 (CfT v145): --disable-infobars で消える / --test-type は無効。\n      // no-focus `open -g` 経路はこの launchArgs だけを渡すため、ここに置く。\n      \'--disable-infobars\',\n      \'--password-store=basic\',\n      \'--use-mock-keychain\',\n      // Chrome の翻訳バー(英語→日本語 このページを翻訳しますか)を配信画面に出さない。\n      // Playwright 既定の --disable-features に既に Translate が含まれるため、\n      // ここで別の --disable-features を渡すと後勝ちで Playwright の hardening を\n      // 上書きしてしまう。別スイッチの --disable-translate のみ追加し、確実な\n      // 抑止は profile Preferences (_br_clean_profile_exit) 側で行う。\n      \'--disable-translate\',\n      // 自動操作ブラウザはユーザー操作が無く、autoplay ポリシーで AudioContext が\n      // suspended のまま resume できず無音化する。bridge 再起動毎の無音を防ぐ。\n      \'--autoplay-policy=no-user-gesture-required\',\n    ];\n    const backgroundLaunch = CHROME_HEADLESS ? null : await launchPersistentContextWithoutFocus(USER_DATA_DIR, launchArgs).catch(err => {\n      console.error(`[NO-FOCUS] background launch failed, falling back to Playwright launch: ${err.message}`);\n      return null;\n    });\n    if (backgroundLaunch) {\n      browser = backgroundLaunch.browser;\n      context = backgroundLaunch.context;\n      closeBrowserAfterContext = true;\n    } else {\n      context = await withBrowserLaunchEnv(USER_DATA_DIR, launchEnv => chromium.launchPersistentContext(USER_DATA_DIR, {\n        executablePath: process.env.SOREN_CHROME_EXECUTABLE_PATH || undefined,\n        headless: CHROME_HEADLESS,\n        viewport: { width: 1280, height: 720 },\n        deviceScaleFactor: 1,\n        env: launchEnv,\n        args: launchArgs,\n      }));\n      browser = context.browser();\n    }\n  } catch (e) {\n    console.error(`Failed to launch browser: ${e.message}`);\n    removeCdpEndpoint();\n    server.close();\n    process.exit(1);\n  }\n\n  // Write CDP endpoint file for soren91 shared browser mode only after the\n  // advertised endpoint is actually reachable.\n  try {\n    await waitForCdpHttp(CDP_PORT);\n    fs.writeFileSync(CDP_ENDPOINT_FILE, JSON.stringify({\n      url: `http://localhost:${CDP_PORT}`,\n      port: CDP_PORT,\n      pid: process.pid,\n      userDataDir: USER_DATA_DIR,\n      startedAt: new Date().toISOString(),\n    }));\n    console.log(`CDP endpoint written: ${CDP_ENDPOINT_FILE} (port=${CDP_PORT})`);\n  } catch (e) {\n    console.warn(`Failed to write CDP endpoint file: ${e.message}`);\n  }\n\n  const page = context.pages()[0] || await context.newPage();\n\n  // --- ブラウザ死亡時の確実・即時クリーンexit (ハング/ゾンビ根絶) ---\n  // 復旧は soren_loop の inline _ensure_bridge_alive に委ねる2層設計。\n  // ここはハングさせず port を解放して即終了することに専念する。\n  let _brExiting = false;\n  function fatalExit(reason, code = 1) {\n    if (_brExiting) return;\n    _brExiting = true;\n    // cleanup がハングしても必ず終了する強制タイマを最初に張る (port解放保証)\n    const _forced = setTimeout(() => process.exit(code), 3000);\n    if (_forced.unref) _forced.unref();\n    try { console.error(\'[BRIDGE-FATAL] \' + reason); } catch {}\n    (async () => {\n      const withTimeout = (p) =>\n        Promise.race([Promise.resolve(p).catch(() => {}), new Promise((r) => setTimeout(r, 1500))]);\n      try { removeCdpEndpoint(); } catch {}\n      try { await withTimeout(context && context.close && context.close()); } catch {}\n      try { await withTimeout(browser && browser.close && browser.close()); } catch {}\n      try { server && server.close && server.close(); } catch {}\n      process.exit(code);\n    })();\n  }\n  try {\n    context.on(\'close\', () => fatalExit(\'context closed\'));\n    const _b = (context.browser && context.browser()) || browser;\n    if (_b && _b.on) _b.on(\'disconnected\', () => fatalExit(\'browser disconnected\'));\n    page.on(\'crash\', () => fatalExit(\'page crashed\'));\n  } catch (e) { console.warn(`Failed to attach death handlers: ${e && e.message}`); }\n  // 分類による分岐はしない (Protocol error 等の誤判定回避)。常に fatalExit。\n  process.on(\'unhandledRejection\', (e) => {\n    try { console.error((e && e.stack) || e); } catch {}\n    fatalExit(\'unhandledRejection: \' + ((e && e.message) || e));\n  });\n  process.on(\'uncaughtException\', (e) => {\n    try { console.error((e && e.stack) || e); } catch {}\n    fatalExit(\'uncaughtException: \' + ((e && e.message) || e));\n  });\n\n  console.log(\'=== Soren Local Game Controller ===\');\n\n  const gameOrigin = `http://localhost:${SERVE_PORT}`;\n  let speakerPermissionSession = null;\n  const grantAudioPermissions = async () => {\n    try {\n      if (!speakerPermissionSession) {\n        speakerPermissionSession = await withTimeout(context.newCDPSession(page), 3000, \'new speaker CDP session\');\n      }\n      await withTimeout(speakerPermissionSession.send(\'Browser.grantPermissions\', {\n        origin: gameOrigin,\n        permissions: [\'speakerSelection\', \'audioCapture\'],\n      }), 3000, \'grant speakerSelection\');\n      return true;\n    } catch (e) {\n      console.warn(`Failed to grant speakerSelection: ${e.message}`);\n      speakerPermissionSession = null;\n      return false;\n    }\n  };\n  try {\n    if (await grantAudioPermissions()) console.log(`Granted speakerSelection for ${gameOrigin}`);\n  } catch {}\n\n  // Hook AudioContext to track all instances for mute/unmute control and route\n  // browser game audio to BlackHole without changing the macOS default output.\n  await page.addInitScript((cfg) => {\n    const audioOutputLabel = cfg.label;\n    window.__sorenAudioContexts = [];\n    window.__sorenMuted = false;\n    window.__sorenAudioOutputLabel = audioOutputLabel;\n    window.__sorenAudioOutputDeviceId = cfg.cachedSinkId || \'\';\n    window.__sorenAudioOutputError = \'\';\n    // #90 安定化: ライブ setSinkId(稼働中コンテキストの出力デバイス切替) は macOS\n    // CoreAudio + Unity WASM グラフでクラッシュ要因 → 廃止。代わりに deviceId を\n    // 事前解決し、AudioContext を生成時に {sinkId} で目的デバイスに固定する\n    // (生成時バインド=デバイス切替イベント無し=クラッシュしない)。\n    // システム既定出力デバイスは変更しない (ハウリング回避・恒久制約)。\n    // 前回起動で解決済の deviceId をキャッシュから種付けし、Unity の\n    // AudioContext 生成より前に __sorenSinkId を確定させる (競合を決定的に勝つ)。\n    // deviceId は (origin, 永続プロファイル) で安定。stale なら生成時 throw →\n    // 既定デバイスにフォールバック (crash せず) し、下の resolve ループが更新する。\n    window.__sorenSinkId = cfg.cachedSinkId || \'\';\n    // label から audiooutput deviceId を解決し __sorenSinkId に保存 (setSinkId は呼ばない)\n    window.__sorenResolveSink = async (label = window.__sorenAudioOutputLabel) => {\n      if (!label || !navigator.mediaDevices?.enumerateDevices) return false;\n      try {\n        const devices = await navigator.mediaDevices.enumerateDevices();\n        const target = devices.find(d =>\n          d.kind === \'audiooutput\' && d.label &&\n          d.label.toLowerCase().includes(String(label).toLowerCase()));\n        if (target && target.deviceId) {\n          window.__sorenSinkId = target.deviceId;\n          window.__sorenAudioOutputDeviceId = target.deviceId;\n          window.__sorenAudioOutputError = \'\';\n          return true;\n        }\n        window.__sorenAudioOutputError = `audio output not found: ${label}`;\n        return false;\n      } catch (e) {\n        window.__sorenAudioOutputError = e && e.message ? e.message : String(e);\n        return false;\n      }\n    };\n    // 後方互換: 旧名 __sorenRouteAudioOutput は deviceId 再解決のみ (setSinkId しない)\n    window.__sorenRouteAudioOutput = (label) => window.__sorenResolveSink(label);\n    // 事前解決を即開始 (Unity WebGL は wasm/asset DL で数秒かかるため、通常\n    // この解決が Unity の AudioContext 生成より先に完了する)\n    (async () => {\n      for (let i = 0; i < 40 && !window.__sorenSinkId; i++) {\n        if (await window.__sorenResolveSink()) break;\n        await new Promise(r => setTimeout(r, 500));\n      }\n    })();\n\n    const OrigAudioContext = window.AudioContext || window.webkitAudioContext;\n    if (OrigAudioContext) {\n      const Wrapped = function(...args) {\n        // 呼び出し側が sinkId 未指定 かつ deviceId 解決済なら生成時に注入。\n        // ライブ setSinkId は一切しない (#90 crash 回避)。未解決(レース)なら\n        // 通常生成 (既定デバイス) し setSinkId しない=その1起動は OBS に乗らない\n        // が crash 回避優先・稀。次 bridge 起動で解決済になり復旧。\n        let ctx;\n        try {\n          const sid = window.__sorenSinkId;\n          const opt0 = (args[0] && typeof args[0] === \'object\') ? args[0] : null;\n          if (sid && (!opt0 || !(\'sinkId\' in opt0))) {\n            const merged = Object.assign({}, opt0 || {}, { sinkId: sid });\n            ctx = new OrigAudioContext(merged);\n          } else {\n            ctx = new OrigAudioContext(...args);\n          }\n        } catch (e) {\n          // {sinkId} オプション非対応/無効デバイス時は素の生成にフォールバック\n          try { ctx = new OrigAudioContext(...args); }\n          catch (e2) { ctx = new OrigAudioContext(); }\n          window.__sorenAudioOutputError = e && e.message ? e.message : String(e);\n        }\n        window.__sorenAudioContexts.push(ctx);\n        if (window.__sorenMuted) {\n          try { ctx.suspend(); } catch {}\n        }\n        return ctx;\n      };\n      Wrapped.prototype = OrigAudioContext.prototype;\n      window.AudioContext = Wrapped;\n      if (window.webkitAudioContext) window.webkitAudioContext = Wrapped;\n    }\n\n    // Fix1 (#90): 稼働中 AudioContext 自己治癒ウォッチドッグ。\n    // BlackHole/WebAudio device error で稼働中に suspended 化し自動 resume\n    // されない慢性障害を、bridge 再起動なしでページ内で回復する。\n    // - 5s 毎。resume() は fire-and-forget (await すると無限ハングし得る)\n    // - 毎周期 Module.WebAudio.audioContext も対象に含める (構築時 wrap 分以外)\n    // - 再入防止フラグ。route 再適用は時間予算付き (watchdog 自体を wedge しない)\n    // - 意図的 mute (__sorenMuted) 中は resume しない (radio/TTS 優先仕様維持)\n    window.__sorenAudioHealBusy = false;\n    window.__sorenAudioLastRoute = 0;\n    setInterval(() => {\n      if (window.__sorenAudioHealBusy || window.__sorenMuted) return;\n      window.__sorenAudioHealBusy = true;\n      try {\n        const list = [...(window.__sorenAudioContexts || [])];\n        try {\n          const um = (typeof Module !== \'undefined\' && Module.WebAudio\n            && Module.WebAudio.audioContext) ? Module.WebAudio.audioContext : null;\n          if (um && list.indexOf(um) === -1) list.push(um);\n        } catch {}\n        let anySuspended = false;\n        for (const ctx of list) {\n          try {\n            if (ctx && ctx.state === \'suspended\') {\n              anySuspended = true;\n              ctx.resume().catch(() => {}); // fire-and-forget\n            }\n          } catch {}\n        }\n        // 持続 suspend or route error 時、最大 30s に1回だけ再ルート\n        const now = Date.now();\n        if ((anySuspended || window.__sorenAudioOutputError)\n            && now - (window.__sorenAudioLastRoute || 0) > 30000) {\n          window.__sorenAudioLastRoute = now;\n          try {\n            window.__sorenRouteAudioOutput?.().catch(() => {});\n          } catch {}\n        }\n      } finally {\n        window.__sorenAudioHealBusy = false;\n      }\n    }, 5000);\n  }, { label: CHROME_AUDIO_OUTPUT_LABEL, cachedSinkId: readCachedSinkId() });\n\n  console.log(`Navigating to http://localhost:${SERVE_PORT}...`);\n\n  await page.goto(gameOrigin, { waitUntil: \'domcontentloaded\', timeout: 60000 });\n\n  // Wait for Unity canvas to initialize\n  let canvasReady = false;\n  for (let i = 0; i < 60; i++) {\n    canvasReady = await page.evaluate(() => {\n      const canvas = document.getElementById(\'unity-canvas\') || document.querySelector(\'canvas\');\n      return canvas && canvas.width > 300;\n    });\n    if (canvasReady) break;\n    console.log(`Waiting for Unity canvas init... (${i + 1}/60)`);\n    await page.waitForTimeout(1000);\n  }\n\n  if (!canvasReady) {\n    console.error(\'Unity canvas failed to initialize!\');\n    await closeBrowser();\n    server.close();\n    return;\n  }\n\n  console.log(\'Unity canvas ready\');\n\n  // AudioManager の音量スライダー onValueChanged と同一実体を SendMessage で操作する。\n  // AudioManager は Awake で初期化されるため初回はリトライし、その後も\n  // 並列評価窓の BGM が画面遷移などで戻らないよう短い間隔で再適用する。\n  await applyUnityVolume(page, \'BGM\', \'Audio Manager\', \'SetBGMVolume\', BGM_VOLUME);\n  await applyUnityVolume(page, \'SE\', \'Audio Manager\', \'SetSEVolume\', SE_VOLUME);\n  await installUnityVolumeReapply(page);\n\n  try {\n    await updateObsGameSource();\n  } catch (e) {\n    console.warn(`Failed to update OBS game source: ${e.message}`);\n  }\n\n  try {\n    const audioRoute = await page.evaluate(async (label) => {\n      if (!label) return { routed: false, label, deviceId: \'\', error: \'per-context audio routing disabled\', contexts: 0 };\n      const routed = await window.__sorenRouteAudioOutput?.(label);\n      return {\n        routed: Boolean(routed),\n        label,\n        deviceId: window.__sorenAudioOutputDeviceId || \'\',\n        error: window.__sorenAudioOutputError || \'\',\n        contexts: Array.isArray(window.__sorenAudioContexts) ? window.__sorenAudioContexts.length : 0,\n      };\n    }, CHROME_AUDIO_OUTPUT_LABEL);\n    console.log(\'Chrome audio route:\', JSON.stringify(audioRoute));\n    writeCachedSinkId(audioRoute.deviceId);\n  } catch (e) {\n    console.warn(`Failed to route Chrome audio: ${e.message}`);\n  }\n\n  // Force canvas to fill viewport exactly — hide footer, reset margins, override container positioning\n  const canvasInfo = await page.evaluate(() => {\n    // Hide footer\n    const footer = document.getElementById(\'unity-footer\');\n    if (footer) footer.style.display = \'none\';\n    // Hide loading bar\n    const loadingBar = document.getElementById(\'unity-loading-bar\');\n    if (loadingBar) loadingBar.style.display = \'none\';\n    // Reset body\n    document.body.style.margin = \'0\';\n    document.body.style.padding = \'0\';\n    document.body.style.overflow = \'hidden\';\n    // Override container — remove centering transform, pin to top-left\n    const container = document.getElementById(\'unity-container\');\n    if (container) {\n      container.style.position = \'absolute\';\n      container.style.left = \'0\';\n      container.style.top = \'0\';\n      container.style.transform = \'none\';\n    }\n    // Ensure canvas fills exactly\n    const canvas = document.getElementById(\'unity-canvas\');\n    if (canvas) {\n      canvas.style.width = \'1280px\';\n      canvas.style.height = \'720px\';\n      canvas.style.display = \'block\';\n    }\n    return {\n      canvasWidth: canvas?.width,\n      canvasHeight: canvas?.height,\n      cssWidth: canvas?.style.width,\n      cssHeight: canvas?.style.height,\n      innerWidth: window.innerWidth,\n      innerHeight: window.innerHeight,\n    };\n  });\n  console.log(\'Canvas layout:\', JSON.stringify(canvasInfo));\n\n  // Capture browser console for debugging\n  page.on(\'console\', msg => {\n    if (msg.type() === \'error\' || msg.type() === \'warning\' || msg.text().includes(\'FIXUI\')) {\n      console.log(`[BROWSER ${msg.type().toUpperCase()}] ${msg.text()}`);\n    }\n  });\n\n  // Wait for JS Bridge to be active\n  let bridgeReady = false;\n  for (let i = 0; i < 30; i++) {\n    const state = await getGameState(page);\n    if (state && state.state) {\n      bridgeReady = true;\n      console.log(`JS Bridge active, game state: ${state.state}`);\n      break;\n    }\n    console.log(`Waiting for JS Bridge... (${i + 1}/30)`);\n    await page.waitForTimeout(1000);\n  }\n\n  if (!bridgeReady) {\n    console.error(\'JS Bridge not responding. Is SorenBridge component attached in the scene?\');\n    await closeBrowser();\n    server.close();\n    return;\n  }\n\n  // Inject best score record from best_score.txt\n  try {\n    const bestScore = parseInt(fs.readFileSync(\'best_score.txt\', \'utf-8\').trim(), 10);\n    if (bestScore > 0) {\n      await page.evaluate((s) => { window.__sorenCommand = \'SET_RECORD:\' + s; }, bestScore);\n      console.log(`Injected best score record: ${bestScore}`);\n      await page.waitForTimeout(500);\n    }\n  } catch (e) {\n    console.log(\'No best_score.txt found, skipping record injection\');\n  }\n\n  // Click to start the game\n  await page.mouse.click(640, 360);\n  await page.waitForTimeout(2000);\n\n  // Initial state\n  const initialState = await getGameState(page);\n  writeGameState(initialState);\n  console.log(\'Initial game state saved\');\n  console.log(`Watching for commands in: ${COMMAND_FILE}`);\n\n  // Main loop: poll commands and game state\n  let processedCount = 0;\n  let lastState = null;\n  const STATE_CHECK_INTERVAL = 3;\n  const NULL_STATE_WARN_THRESHOLD = 10;\n  const NULL_STATE_RELOAD_THRESHOLD = 30;\n\n  let checkCount = 0;\n  let nullStateCount = 0;\n  let isMuted = false;\n  let lastAudioRouteHealAt = 0;\n  let lastAudioWatchdogAt = 0;\n  let lastUnityAudioRecoverAt = 0;\n  while (true) {\n    // Check mute flag file (independent of commands.txt to avoid race condition)\n    const shouldMute = fs.existsSync(MUTE_FLAG_FILE);\n    const audioDiagLog = (msg) => {\n      const line = `[${new Date().toISOString()}] ${msg}`;\n      console.log(line);\n      try { fs.appendFileSync(\'tmp/audio_diag.log\', line + \'\\n\'); } catch (e) {}\n    };\n    if (shouldMute && !isMuted) {\n      audioDiagLog(\'MUTE flag detected, muting audio\');\n      await page.evaluate(() => {\n        window.__sorenMuted = true;\n        // Suspend all known AudioContexts\n        if (typeof Module !== \'undefined\' && Module.WebAudio && Module.WebAudio.audioContext) {\n          try { Module.WebAudio.audioContext.suspend(); } catch {}\n        }\n        // Also suspend any contexts we\'ve tracked\n        (window.__sorenAudioContexts || []).forEach(ctx => {\n          try { ctx.suspend(); } catch {}\n        });\n      });\n      isMuted = true;\n    } else if (!shouldMute && isMuted) {\n      audioDiagLog(\'MUTE flag removed, resuming audio\');\n      // Diagnosis (from [AUDIO-UNMUTE] logs): the tracked AudioContext stays\n      // "suspended" after resume() even though the tab is visible. The local\n      // game is driven via the window.__sorenCommand JS bridge, so after the\n      // initial startup click NO trusted input event ever reaches the page —\n      // Unity WebGL resumes its AudioContext only from a real focus/input\n      // event, and Chrome gates resume() the same way. Deliver one real\n      // trusted gesture (Space keypress, ignored by this mouse-only game)\n      // before resuming so Unity\'s handler fires and resume() is honored.\n      try {\n        await page.keyboard.press(\'Space\');\n      } catch (e) {\n        console.warn(`unmute activation keypress failed: ${e.message}`);\n      }\n      // resume() fired WITHOUT await (an awaited resume() can hang in Chrome\n      // and wedge this loop) and retried a few times after the gesture. The\n      // whole evaluate is bounded by a timeout and wrapped so we learn whether\n      // it throws, times out, or what context state results.\n      try {\n        const evalPromise = page.evaluate(async () => {\n          const snap = () => {\n            const unity = (typeof Module !== \'undefined\' && Module.WebAudio && Module.WebAudio.audioContext)\n              ? Module.WebAudio.audioContext : null;\n            return {\n              unityPresent: Boolean(unity),\n              unityState: unity ? unity.state : null,\n              tracked: (window.__sorenAudioContexts || []).map(c => ({\n                state: c.state,\n                sinkId: (typeof c.sinkId !== \'undefined\') ? String(c.sinkId) : \'n/a\',\n              })),\n              routeError: window.__sorenAudioOutputError || \'\',\n              routedDeviceId: window.__sorenAudioOutputDeviceId || \'\',\n              visibility: document.visibilityState,\n              hidden: document.hidden,\n            };\n          };\n          const before = snap();\n          window.__sorenMuted = false;\n          const ctxs = () => {\n            const list = [...(window.__sorenAudioContexts || [])];\n            const unity = (typeof Module !== \'undefined\' && Module.WebAudio && Module.WebAudio.audioContext)\n              ? Module.WebAudio.audioContext : null;\n            if (unity && !list.includes(unity)) list.push(unity);\n            return list;\n          };\n          // Retry resume() a few times: the trusted gesture grants activation\n          // but Unity/Chrome may need a beat before honoring it.\n          for (let attempt = 0; attempt < 5; attempt++) {\n            const all = ctxs();\n            if (all.length && all.every(c => c.state === \'running\')) break;\n            for (const c of all) { try { c.resume(); } catch (e) {} }\n            await new Promise(r => setTimeout(r, 500));\n          }\n          return { before, after: snap() };\n        });\n        const timeoutMarker = Symbol(\'timeout\');\n        const result = await Promise.race([\n          evalPromise.catch(e => ({ __err: (e && e.message) || String(e) })),\n          new Promise(r => setTimeout(() => r(timeoutMarker), 8000)),\n        ]);\n        if (result === timeoutMarker) {\n          audioDiagLog(\'[AUDIO-UNMUTE-TIMEOUT] page.evaluate did not return within 8s (resume likely hung / page detached)\');\n        } else if (result && result.__err) {\n          audioDiagLog(`[AUDIO-UNMUTE-ERROR] ${result.__err}`);\n        } else {\n          audioDiagLog(`[AUDIO-UNMUTE] ${JSON.stringify(result)}`);\n        }\n      } catch (e) {\n        audioDiagLog(`[AUDIO-UNMUTE-ERROR] outer: ${(e && e.message) || String(e)}`);\n      }\n      // Always clear muted state so the loop never gets stuck re-entering this\n      // branch (a stuck branch would also block game resumption).\n      isMuted = false;\n    }\n\n    if (!shouldMute && !isMuted && Date.now() - lastAudioRouteHealAt > 10000) {\n      lastAudioRouteHealAt = Date.now();\n      await grantAudioPermissions();\n      try {\n        await withTimeout(page.evaluate((label) => {\n          window.__sorenRouteAudioOutput?.(label).catch(() => {});\n        }, CHROME_AUDIO_OUTPUT_LABEL), 3000, \'audio route heal evaluate\');\n      } catch (e) {\n        audioDiagLog(`[AUDIO-ROUTE-HEAL-ERROR] ${(e && e.message) || String(e)}`);\n      }\n    }\n\n    if (!shouldMute && !isMuted && Date.now() - lastAudioWatchdogAt > UNITY_AUDIO_WATCHDOG_MS) {\n      lastAudioWatchdogAt = Date.now();\n      const health = await inspectUnityAudio(page);\n      writeAudioHealth({\n        ...health,\n        lastRecoverAt: lastUnityAudioRecoverAt ? new Date(lastUnityAudioRecoverAt).toISOString() : null,\n      });\n      writeCachedSinkId(health && health.routedDeviceId);\n      if (unityAudioNeedsRecovery(health) && Date.now() - lastUnityAudioRecoverAt > UNITY_AUDIO_RECOVER_COOLDOWN_MS) {\n        lastUnityAudioRecoverAt = Date.now();\n        const recovered = await recoverUnityAudio(page, audioDiagLog, health.unityState || \'tracked_suspended\');\n        writeAudioHealth({\n          before: health,\n          after: recovered,\n          lastRecoverAt: new Date(lastUnityAudioRecoverAt).toISOString(),\n        });\n      }\n    }\n\n    // Muted = meriken mode active, skip all page interactions to avoid stealing tab focus\n    if (isMuted) {\n      await page.waitForTimeout(1000);\n      continue;\n    }\n\n    const commands = readCommands();\n\n    if (commands.length > processedCount) {\n      for (let i = processedCount; i < commands.length; i++) {\n        const state = await executeCommand(page, commands[i]);\n        lastState = state;\n        if (state) nullStateCount = 0;\n        processedCount++;\n\n        if (i === commands.length - 1) {\n          clearCommands();\n          processedCount = 0;\n        }\n      }\n    } else {\n      checkCount++;\n      if (checkCount >= STATE_CHECK_INTERVAL) {\n        checkCount = 0;\n        const state = await getGameState(page);\n\n        if (!state) {\n          nullStateCount++;\n          if (nullStateCount === NULL_STATE_WARN_THRESHOLD) {\n            console.warn(`[BRIDGE] game state null ${nullStateCount} times in a row — JS Bridge may be broken`);\n          }\n          if (nullStateCount >= NULL_STATE_RELOAD_THRESHOLD) {\n            console.warn(`[BRIDGE] game state null ${nullStateCount} times — reloading page to recover`);\n            try {\n              await page.reload({ waitUntil: \'domcontentloaded\', timeout: 30000 });\n              // Wait for Unity canvas + Bridge to re-init\n              for (let i = 0; i < 60; i++) {\n                const s = await getGameState(page);\n                if (s && s.state) {\n                  console.log(`[BRIDGE] Recovered after reload, state: ${s.state}`);\n                  // Re-inject best score\n                  try {\n                    const bestScore = parseInt(fs.readFileSync(\'best_score.txt\', \'utf-8\').trim(), 10);\n                    if (bestScore > 0) {\n                      await page.evaluate((sc) => { window.__sorenCommand = \'SET_RECORD:\' + sc; }, bestScore);\n                      console.log(`[BRIDGE] Re-injected best score: ${bestScore}`);\n                      await page.waitForTimeout(500);\n                    }\n                  } catch (e2) { /* ignore */ }\n                  // Click to start game\n                  await page.mouse.click(640, 360);\n                  await page.waitForTimeout(2000);\n                  lastState = s;\n                  writeGameState(s);\n                  break;\n                }\n                await page.waitForTimeout(1000);\n              }\n            } catch (e) {\n              console.error(`[BRIDGE] Reload failed: ${e.message}`);\n            }\n            nullStateCount = 0;\n          }\n        } else {\n          if (nullStateCount >= NULL_STATE_WARN_THRESHOLD) {\n            console.log(`[BRIDGE] game state recovered after ${nullStateCount} null reads`);\n          }\n          nullStateCount = 0;\n\n          if (stateChanged(lastState, state)) {\n            writeGameState(state);\n            console.log(`State: ${state.state}, score=${state.score}, pieces=${state.pieces?.length || 0}`);\n          }\n          lastState = state;\n        }\n      }\n    }\n\n    await page.waitForTimeout(200);\n  }\n}\n\nrunLocalController().catch((e) => {\n  try { console.error(\'[BRIDGE-FATAL] runLocalController rejected: \' + ((e && (e.stack || e.message)) || e)); } catch {}\n  const _f = setTimeout(() => process.exit(1), 3000);\n  if (_f.unref) _f.unref();\n  process.exit(1);\n});\n'
