/Users/azumag/work/sandbox/soren/broadcast/comment_worker.sh: line 103: syntax error near unexpected token `}'
/Users/azumag/work/sandbox/soren/broadcast/comment_worker.sh: line 103: `}'
[audio_worker 06:32:16] 起動 (PID=49878, interval=5s)
/Users/azumag/work/sandbox/soren/broadcast/comment_worker.sh: line 103: syntax error near unexpected token `}'
/Users/azumag/work/sandbox/soren/broadcast/comment_worker.sh: line 103: `}'
[audio_worker 06:32:17] ERROR: 既に起動中 (PID=49878)
[audio_worker 06:32:17] 停止処理開始
[audio_worker 06:32:17] 停止完了
/Users/azumag/work/sandbox/soren/broadcast/comment_worker.sh: line 103: syntax error near unexpected token `}'
/Users/azumag/work/sandbox/soren/broadcast/comment_worker.sh: line 103: `}'
[audio_worker 06:32:20] 起動 (PID=51248, interval=5s)
[audio_worker 06:32:22] 停止処理開始
[audio_worker 06:32:22] 停止完了
[audio_worker 06:32:23] メインループ終了
[audio_worker 06:32:23] メインループ終了
[audio_worker 06:32:23] 停止処理開始
[audio_worker 06:32:23] 停止完了
/Users/azumag/work/sandbox/soren/broadcast/comment_worker.sh: line 103: syntax error near unexpected token `}'
/Users/azumag/work/sandbox/soren/broadcast/comment_worker.sh: line 103: `}'
[audio_worker 06:32:33] 起動 (PID=53971, interval=5s)
/Users/azumag/work/sandbox/soren/broadcast/comment_worker.sh: line 103: syntax error near unexpected token `}'
/Users/azumag/work/sandbox/soren/broadcast/comment_worker.sh: line 103: `}'
[audio_worker 06:32:36] ERROR: 既に起動中 (PID=53971)
[audio_worker 06:32:36] 停止処理開始
[audio_worker 06:32:36] 停止完了
/Users/azumag/work/sandbox/soren/broadcast/comment_worker.sh: line 103: syntax error near unexpected token `}'
/Users/azumag/work/sandbox/soren/broadcast/comment_worker.sh: line 103: `}'
[audio_worker 06:32:39] 起動 (PID=55790, interval=5s)
/Users/azumag/work/sandbox/soren/broadcast/comment_worker.sh: line 103: syntax error near unexpected token `}'
/Users/azumag/work/sandbox/soren/broadcast/comment_worker.sh: line 103: `}'
[audio_worker 06:32:42] ERROR: 既に起動中 (PID=55790)
[audio_worker 06:32:42] 停止処理開始
[audio_worker 06:32:42] 停止完了
/Users/azumag/work/sandbox/soren/broadcast/comment_worker.sh: line 103: syntax error near unexpected token `}'
/Users/azumag/work/sandbox/soren/broadcast/comment_worker.sh: line 103: `}'
[audio_worker 06:32:46] 起動 (PID=57422, interval=5s)
/Users/azumag/work/sandbox/soren/broadcast/comment_worker.sh: line 103: syntax error near unexpected token `}'
/Users/azumag/work/sandbox/soren/broadcast/comment_worker.sh: line 103: `}'
[audio_worker 06:32:49] ERROR: 既に起動中 (PID=57422)
[audio_worker 06:32:49] 停止処理開始
[audio_worker 06:32:49] 停止完了
/Users/azumag/work/sandbox/soren/broadcast/comment_worker.sh: line 103: syntax error near unexpected token `}'
/Users/azumag/work/sandbox/soren/broadcast/comment_worker.sh: line 103: `}'
[audio_worker 06:32:52] 起動 (PID=59583, interval=5s)
/Users/azumag/work/sandbox/soren/broadcast/comment_worker.sh: line 103: syntax error near unexpected token `}'
/Users/azumag/work/sandbox/soren/broadcast/comment_worker.sh: line 103: `}'
[audio_worker 06:32:55] ERROR: 既に起動中 (PID=59583)
[audio_worker 06:32:55] 停止処理開始
[audio_worker 06:32:55] 停止完了
/Users/azumag/work/sandbox/soren/broadcast/comment_worker.sh: line 103: syntax error near unexpected token `}'
/Users/azumag/work/sandbox/soren/broadcast/comment_worker.sh: line 103: `}'
[audio_worker 06:33:00] 起動 (PID=62821, interval=5s)
/Users/azumag/work/sandbox/soren/broadcast/comment_worker.sh: line 103: syntax error near unexpected token `}'
/Users/azumag/work/sandbox/soren/broadcast/comment_worker.sh: line 103: `}'
[audio_worker 06:33:03] ERROR: 既に起動中 (PID=62821)
[audio_worker 06:33:03] 停止処理開始
[audio_worker 06:33:03] 停止完了
/Users/azumag/work/sandbox/soren/broadcast/comment_worker.sh: line 103: syntax error near unexpected token `}'
/Users/azumag/work/sandbox/soren/broadcast/comment_worker.sh: line 103: `}'
[audio_worker 06:33:07] 起動 (PID=66390, interval=5s)
/Users/azumag/work/sandbox/soren/broadcast/comment_worker.sh: line 103: syntax error near unexpected token `}'
/Users/azumag/work/sandbox/soren/broadcast/comment_worker.sh: line 103: `}'
[audio_worker 06:33:10] ERROR: 既に起動中 (PID=66390)
[audio_worker 06:33:10] 停止処理開始
[audio_worker 06:33:10] 停止完了
/Users/azumag/work/sandbox/soren/broadcast/comment_worker.sh: line 103: syntax error near unexpected token `}'
/Users/azumag/work/sandbox/soren/broadcast/comment_worker.sh: line 103: `}'
[audio_worker 06:33:13] 起動 (PID=70507, interval=5s)
/Users/azumag/work/sandbox/soren/broadcast/comment_worker.sh: line 103: syntax error near unexpected token `}'
/Users/azumag/work/sandbox/soren/broadcast/comment_worker.sh: line 103: `}'
[audio_worker 06:33:18] ERROR: 既に起動中 (PID=70507)
[audio_worker 06:33:18] 停止処理開始
[audio_worker 06:33:18] 停止完了
/Users/azumag/work/sandbox/soren/broadcast/comment_worker.sh: line 103: syntax error near unexpected token `}'
/Users/azumag/work/sandbox/soren/broadcast/comment_worker.sh: line 103: `}'
[audio_worker 06:33:21] 起動 (PID=74886, interval=5s)
/Users/azumag/work/sandbox/soren/broadcast/comment_worker.sh: line 103: syntax error near unexpected token `}'
/Users/azumag/work/sandbox/soren/broadcast/comment_worker.sh: line 103: `}'
[audio_worker 06:33:25] ERROR: 既に起動中 (PID=74886)
[audio_worker 06:33:25] 停止処理開始
[audio_worker 06:33:25] 停止完了
[audio_worker 06:33:26] 停止処理開始
[audio_worker 06:33:26] 停止完了
[audio_worker 06:33:26] 停止処理開始
[audio_worker 06:33:26] 停止処理開始
[audio_worker 06:33:26] 停止完了
[audio_worker 06:33:26] 停止完了
[audio_worker 06:33:26] 停止処理開始
[audio_worker 06:33:26] 停止処理開始
[audio_worker 06:33:26] 停止完了
[audio_worker 06:33:26] 停止完了
[audio_worker 06:33:26] 停止処理開始
[audio_worker 06:33:26] 停止完了
[audio_worker 06:33:26] 停止処理開始
[audio_worker 06:33:26] 停止処理開始
[audio_worker 06:33:26] 停止完了
[audio_worker 06:33:26] 停止完了
[audio_worker 06:33:28] メインループ終了
/Users/azumag/work/sandbox/soren/broadcast/comment_worker.sh: line 103: syntax error near unexpected token `}'
/Users/azumag/work/sandbox/soren/broadcast/comment_worker.sh: line 103: `}'
[audio_worker 06:33:29] 起動 (PID=78982, interval=5s)
[audio_worker 06:33:34] stop ファイル検出 → 終了
[audio_worker 06:33:34] メインループ終了
[audio_worker 06:33:34] stop ファイル検出 → 終了
[audio_worker 06:33:34] stop ファイル検出 → 終了
[audio_worker 06:33:34] メインループ終了
[audio_worker 06:33:34] メインループ終了
[audio_worker 06:33:34] 停止処理開始
[audio_worker 06:33:34] 停止完了
[audio_worker 06:33:35] メインループ終了
[audio_worker 06:33:35] メインループ終了
[audio_worker 06:33:35] メインループ終了
[audio_worker 06:33:35] メインループ終了
[audio_worker 06:33:35] メインループ終了
