/Users/azumag/work/sandbox/soren/broadcast/comment_worker.sh: line 103: syntax error near unexpected token `}'
/Users/azumag/work/sandbox/soren/broadcast/comment_worker.sh: line 103: `}'
/Users/azumag/work/sandbox/soren/broadcast/comment_worker.sh: line 103: syntax error near unexpected token `}'
/Users/azumag/work/sandbox/soren/broadcast/comment_worker.sh: line 103: `}'
[chat_worker 06:32:16] 起動 (PID=49872, channel=azumagbanjo, interval=10s)
[chat_worker 06:32:16] ERROR: 既に起動中 (PID=49872)
[chat_worker 06:32:16] 停止処理開始
[chat_worker 06:32:17] IRC daemon 起動 (PID=50379, channel=azumagbanjo)
[chat_worker 06:32:17] 停止完了
/Users/azumag/work/sandbox/soren/broadcast/comment_worker.sh: line 103: syntax error near unexpected token `}'
/Users/azumag/work/sandbox/soren/broadcast/comment_worker.sh: line 103: `}'
[chat_worker 06:32:20] 起動 (PID=51234, channel=azumagbanjo, interval=10s)
[chat_worker 06:32:20] IRC daemon 起動 (PID=51625, channel=azumagbanjo)
[chat_worker 06:32:22] 停止処理開始
[chat_worker 06:32:22] IRC daemon 停止 (PID=51625)
[chat_worker 06:32:22] 停止完了
[chat_worker 06:32:23] メインループ終了
[chat_worker 06:32:23] 停止処理開始
[chat_worker 06:32:23] 停止完了
[chat_worker 06:32:23] メインループ終了
/Users/azumag/work/sandbox/soren/broadcast/comment_worker.sh: line 103: syntax error near unexpected token `}'
/Users/azumag/work/sandbox/soren/broadcast/comment_worker.sh: line 103: `}'
[chat_worker 06:32:33] 起動 (PID=53959, channel=azumagbanjo, interval=10s)
[chat_worker 06:32:33] IRC daemon 起動 (PID=54382, channel=azumagbanjo)
/Users/azumag/work/sandbox/soren/broadcast/comment_worker.sh: line 103: syntax error near unexpected token `}'
/Users/azumag/work/sandbox/soren/broadcast/comment_worker.sh: line 103: `}'
[chat_worker 06:32:36] ERROR: 既に起動中 (PID=53959)
[chat_worker 06:32:36] 停止処理開始
[chat_worker 06:32:36] 停止完了
/Users/azumag/work/sandbox/soren/broadcast/comment_worker.sh: line 103: syntax error near unexpected token `}'
/Users/azumag/work/sandbox/soren/broadcast/comment_worker.sh: line 103: `}'
[chat_worker 06:32:39] 起動 (PID=55778, channel=azumagbanjo, interval=10s)
[chat_worker 06:32:39] IRC daemon 起動 (PID=56182, channel=azumagbanjo)
/Users/azumag/work/sandbox/soren/broadcast/comment_worker.sh: line 103: syntax error near unexpected token `}'
/Users/azumag/work/sandbox/soren/broadcast/comment_worker.sh: line 103: `}'
[chat_worker 06:32:42] ERROR: 既に起動中 (PID=55778)
[chat_worker 06:32:42] 停止処理開始
[chat_worker 06:32:42] 停止完了
/Users/azumag/work/sandbox/soren/broadcast/comment_worker.sh: line 103: syntax error near unexpected token `}'
/Users/azumag/work/sandbox/soren/broadcast/comment_worker.sh: line 103: `}'
[chat_worker 06:32:46] 起動 (PID=57409, channel=azumagbanjo, interval=10s)
[chat_worker 06:32:46] IRC daemon 起動 (PID=57840, channel=azumagbanjo)
/Users/azumag/work/sandbox/soren/broadcast/comment_worker.sh: line 103: syntax error near unexpected token `}'
/Users/azumag/work/sandbox/soren/broadcast/comment_worker.sh: line 103: `}'
[chat_worker 06:32:49] ERROR: 既に起動中 (PID=57409)
[chat_worker 06:32:49] 停止処理開始
[chat_worker 06:32:49] 停止完了
/Users/azumag/work/sandbox/soren/broadcast/comment_worker.sh: line 103: syntax error near unexpected token `}'
/Users/azumag/work/sandbox/soren/broadcast/comment_worker.sh: line 103: `}'
[chat_worker 06:32:52] 起動 (PID=59567, channel=azumagbanjo, interval=10s)
[chat_worker 06:32:52] IRC daemon 起動 (PID=60033, channel=azumagbanjo)
/Users/azumag/work/sandbox/soren/broadcast/comment_worker.sh: line 103: syntax error near unexpected token `}'
/Users/azumag/work/sandbox/soren/broadcast/comment_worker.sh: line 103: `}'
[chat_worker 06:32:55] ERROR: 既に起動中 (PID=59567)
[chat_worker 06:32:55] 停止処理開始
[chat_worker 06:32:55] 停止完了
/Users/azumag/work/sandbox/soren/broadcast/comment_worker.sh: line 103: syntax error near unexpected token `}'
/Users/azumag/work/sandbox/soren/broadcast/comment_worker.sh: line 103: `}'
[chat_worker 06:33:01] 起動 (PID=62791, channel=azumagbanjo, interval=10s)
[chat_worker 06:33:01] WARN: IRC daemon が停止 → 再起動
[chat_worker 06:33:01] IRC daemon 起動 (PID=63576, channel=azumagbanjo)
[chat_worker 06:33:02] IRC daemon 起動 (PID=63776, channel=azumagbanjo)
[chat_worker 06:33:02] WARN: IRC daemon が停止 → 再起動
[chat_worker 06:33:03] IRC daemon 起動 (PID=64320, channel=azumagbanjo)
/Users/azumag/work/sandbox/soren/broadcast/comment_worker.sh: line 103: syntax error near unexpected token `}'
/Users/azumag/work/sandbox/soren/broadcast/comment_worker.sh: line 103: `}'
[chat_worker 06:33:03] ERROR: 既に起動中 (PID=62791)
[chat_worker 06:33:03] 停止処理開始
[chat_worker 06:33:03] 停止完了
/Users/azumag/work/sandbox/soren/broadcast/comment_worker.sh: line 103: syntax error near unexpected token `}'
/Users/azumag/work/sandbox/soren/broadcast/comment_worker.sh: line 103: `}'
[chat_worker 06:33:06] 起動 (PID=66367, channel=azumagbanjo, interval=10s)
[chat_worker 06:33:07] IRC daemon 起動 (PID=66828, channel=azumagbanjo)
[chat_worker 06:33:07] WARN: IRC daemon が停止 → 再起動
[chat_worker 06:33:08] IRC daemon 起動 (PID=67477, channel=azumagbanjo)
/Users/azumag/work/sandbox/soren/broadcast/comment_worker.sh: line 103: syntax error near unexpected token `}'
/Users/azumag/work/sandbox/soren/broadcast/comment_worker.sh: line 103: `}'
[chat_worker 06:33:10] ERROR: 既に起動中 (PID=66367)
[chat_worker 06:33:10] 停止処理開始
[chat_worker 06:33:10] 停止完了
[chat_worker 06:33:13] WARN: IRC daemon が停止 → 再起動
Terminated: 15
/Users/azumag/work/sandbox/soren/broadcast/comment_worker.sh: line 103: syntax error near unexpected token `}'
/Users/azumag/work/sandbox/soren/broadcast/comment_worker.sh: line 103: `}'
[chat_worker 06:33:13] IRC daemon 起動 (PID=70539, channel=azumagbanjo)
[chat_worker 06:33:13] 起動 (PID=70449, channel=azumagbanjo, interval=10s)
[chat_worker 06:33:13] WARN: IRC daemon が停止 → 再起動
[chat_worker 06:33:14] IRC daemon 起動 (PID=71294, channel=azumagbanjo)
[chat_worker 06:33:14] IRC daemon 起動 (PID=71298, channel=azumagbanjo)
/Users/azumag/work/sandbox/soren/broadcast/comment_worker.sh: line 103: syntax error near unexpected token `}'
/Users/azumag/work/sandbox/soren/broadcast/comment_worker.sh: line 103: `}'
[chat_worker 06:33:18] ERROR: 既に起動中 (PID=70449)
[chat_worker 06:33:18] 停止処理開始
[chat_worker 06:33:18] 停止完了
/Users/azumag/work/sandbox/soren/broadcast/comment_worker.sh: line 103: syntax error near unexpected token `}'
/Users/azumag/work/sandbox/soren/broadcast/comment_worker.sh: line 103: `}'
[chat_worker 06:33:21] 起動 (PID=74862, channel=azumagbanjo, interval=10s)
[chat_worker 06:33:22] IRC daemon 起動 (PID=75630, channel=azumagbanjo)
/Users/azumag/work/sandbox/soren/broadcast/comment_worker.sh: line 103: syntax error near unexpected token `}'
/Users/azumag/work/sandbox/soren/broadcast/comment_worker.sh: line 103: `}'
[chat_worker 06:33:25] ERROR: 既に起動中 (PID=74862)
[chat_worker 06:33:25] 停止処理開始
[chat_worker 06:33:25] 停止完了
[chat_worker 06:33:26] 停止処理開始
[chat_worker 06:33:26] 停止完了
[chat_worker 06:33:26] 停止処理開始
[chat_worker 06:33:26] 停止処理開始
[chat_worker 06:33:26] 停止完了
[chat_worker 06:33:26] 停止完了
[chat_worker 06:33:26] 停止処理開始
[chat_worker 06:33:26] 停止完了
[chat_worker 06:33:26] 停止処理開始
[chat_worker 06:33:26] 停止完了
[chat_worker 06:33:26] 停止処理開始
[chat_worker 06:33:26] 停止完了
[chat_worker 06:33:26] 停止処理開始
[chat_worker 06:33:26] IRC daemon 停止 (PID=75630)
[chat_worker 06:33:26] 停止完了
[chat_worker 06:33:27] 停止処理開始
[chat_worker 06:33:28] 停止完了
[chat_worker 06:33:28] メインループ終了
/Users/azumag/work/sandbox/soren/broadcast/comment_worker.sh: line 103: syntax error near unexpected token `}'
/Users/azumag/work/sandbox/soren/broadcast/comment_worker.sh: line 103: `}'
[chat_worker 06:33:28] 起動 (PID=78970, channel=azumagbanjo, interval=10s)
[chat_worker 06:33:29] IRC daemon 起動 (PID=79767, channel=azumagbanjo)
[chat_worker 06:33:34] メインループ終了
[chat_worker 06:33:34] メインループ終了
[chat_worker 06:33:34] メインループ終了
[chat_worker 06:33:34] 停止処理開始
[chat_worker 06:33:34] IRC daemon 停止 (PID=79767)
[chat_worker 06:33:34] 停止完了
[chat_worker 06:33:34] メインループ終了
[chat_worker 06:33:34] メインループ終了
[chat_worker 06:33:35] メインループ終了
[chat_worker 06:33:35] メインループ終了
[chat_worker 06:33:35] メインループ終了
