/Users/azumag/work/sandbox/soren/broadcast/comment_worker.sh: line 103: syntax error near unexpected token `}'
/Users/azumag/work/sandbox/soren/broadcast/comment_worker.sh: line 103: `}'
[prediction_worker 06:32:16] 起動 (PID=49899, interval=5s, game=13980)
/Users/azumag/work/sandbox/soren/broadcast/comment_worker.sh: line 103: syntax error near unexpected token `}'
/Users/azumag/work/sandbox/soren/broadcast/comment_worker.sh: line 103: `}'
[prediction_worker 06:32:17] ERROR: 既に起動中 (PID=49899)
[prediction_worker 06:32:17] 停止処理開始
[prediction_worker 06:32:17] 停止完了
/Users/azumag/work/sandbox/soren/broadcast/comment_worker.sh: line 103: syntax error near unexpected token `}'
/Users/azumag/work/sandbox/soren/broadcast/comment_worker.sh: line 103: `}'
[prediction_worker 06:32:20] 起動 (PID=51292, interval=5s, game=13980)
[prediction_worker 06:32:20] 予想作成: game=13980, acc=0, improve=idle
[prediction_worker 06:32:22] 停止処理開始
[prediction_worker 06:32:22] 停止完了
[prediction_worker 06:32:23] メインループ終了
[prediction_worker 06:32:23] メインループ終了
[prediction_worker 06:32:23] 停止処理開始
[prediction_worker 06:32:23] 停止完了
/Users/azumag/work/sandbox/soren/broadcast/comment_worker.sh: line 103: syntax error near unexpected token `}'
/Users/azumag/work/sandbox/soren/broadcast/comment_worker.sh: line 103: `}'
[prediction_worker 06:32:33] 起動 (PID=54014, interval=5s, game=13980)
/Users/azumag/work/sandbox/soren/broadcast/comment_worker.sh: line 103: syntax error near unexpected token `}'
/Users/azumag/work/sandbox/soren/broadcast/comment_worker.sh: line 103: `}'
[prediction_worker 06:32:36] ERROR: 既に起動中 (PID=54014)
[prediction_worker 06:32:36] 停止処理開始
[prediction_worker 06:32:36] 停止完了
/Users/azumag/work/sandbox/soren/broadcast/comment_worker.sh: line 103: syntax error near unexpected token `}'
/Users/azumag/work/sandbox/soren/broadcast/comment_worker.sh: line 103: `}'
[prediction_worker 06:32:39] 起動 (PID=55833, interval=5s, game=13980)
/Users/azumag/work/sandbox/soren/broadcast/comment_worker.sh: line 103: syntax error near unexpected token `}'
/Users/azumag/work/sandbox/soren/broadcast/comment_worker.sh: line 103: `}'
[prediction_worker 06:32:42] ERROR: 既に起動中 (PID=55833)
[prediction_worker 06:32:42] 停止処理開始
[prediction_worker 06:32:42] 停止完了
/Users/azumag/work/sandbox/soren/broadcast/comment_worker.sh: line 103: syntax error near unexpected token `}'
/Users/azumag/work/sandbox/soren/broadcast/comment_worker.sh: line 103: `}'
[prediction_worker 06:32:46] 起動 (PID=57470, interval=5s, game=13980)
/Users/azumag/work/sandbox/soren/broadcast/comment_worker.sh: line 103: syntax error near unexpected token `}'
/Users/azumag/work/sandbox/soren/broadcast/comment_worker.sh: line 103: `}'
[prediction_worker 06:32:49] ERROR: 既に起動中 (PID=57470)
[prediction_worker 06:32:49] 停止処理開始
[prediction_worker 06:32:49] 停止完了
/Users/azumag/work/sandbox/soren/broadcast/comment_worker.sh: line 103: syntax error near unexpected token `}'
/Users/azumag/work/sandbox/soren/broadcast/comment_worker.sh: line 103: `}'
[prediction_worker 06:32:52] 起動 (PID=59636, interval=5s, game=13980)
/Users/azumag/work/sandbox/soren/broadcast/comment_worker.sh: line 103: syntax error near unexpected token `}'
/Users/azumag/work/sandbox/soren/broadcast/comment_worker.sh: line 103: `}'
[prediction_worker 06:32:55] ERROR: 既に起動中 (PID=59636)
[prediction_worker 06:32:55] 停止処理開始
[prediction_worker 06:32:55] 停止完了
/Users/azumag/work/sandbox/soren/broadcast/comment_worker.sh: line 103: syntax error near unexpected token `}'
/Users/azumag/work/sandbox/soren/broadcast/comment_worker.sh: line 103: `}'
[prediction_worker 06:33:01] 起動 (PID=62931, interval=5s, game=13980)
/Users/azumag/work/sandbox/soren/broadcast/comment_worker.sh: line 103: syntax error near unexpected token `}'
/Users/azumag/work/sandbox/soren/broadcast/comment_worker.sh: line 103: `}'
[prediction_worker 06:33:03] ERROR: 既に起動中 (PID=62931)
[prediction_worker 06:33:03] 停止処理開始
[prediction_worker 06:33:03] 停止完了
/Users/azumag/work/sandbox/soren/broadcast/comment_worker.sh: line 103: syntax error near unexpected token `}'
/Users/azumag/work/sandbox/soren/broadcast/comment_worker.sh: line 103: `}'
[prediction_worker 06:33:07] 起動 (PID=66465, interval=5s, game=13980)
/Users/azumag/work/sandbox/soren/broadcast/comment_worker.sh: line 103: syntax error near unexpected token `}'
/Users/azumag/work/sandbox/soren/broadcast/comment_worker.sh: line 103: `}'
[prediction_worker 06:33:10] ERROR: 既に起動中 (PID=66465)
[prediction_worker 06:33:10] 停止処理開始
[prediction_worker 06:33:10] 停止完了
/Users/azumag/work/sandbox/soren/broadcast/comment_worker.sh: line 103: syntax error near unexpected token `}'
/Users/azumag/work/sandbox/soren/broadcast/comment_worker.sh: line 103: `}'
[prediction_worker 06:33:14] 起動 (PID=70628, interval=5s, game=13980)
/Users/azumag/work/sandbox/soren/broadcast/comment_worker.sh: line 103: syntax error near unexpected token `}'
/Users/azumag/work/sandbox/soren/broadcast/comment_worker.sh: line 103: `}'
[prediction_worker 06:33:18] ERROR: 既に起動中 (PID=70628)
[prediction_worker 06:33:18] 停止処理開始
[prediction_worker 06:33:18] 停止完了
/Users/azumag/work/sandbox/soren/broadcast/comment_worker.sh: line 103: syntax error near unexpected token `}'
/Users/azumag/work/sandbox/soren/broadcast/comment_worker.sh: line 103: `}'
[prediction_worker 06:33:21] 起動 (PID=75001, interval=5s, game=13980)
/Users/azumag/work/sandbox/soren/broadcast/comment_worker.sh: line 103: syntax error near unexpected token `}'
/Users/azumag/work/sandbox/soren/broadcast/comment_worker.sh: line 103: `}'
[prediction_worker 06:33:25] ERROR: 既に起動中 (PID=75001)
[prediction_worker 06:33:25] 停止処理開始
[prediction_worker 06:33:25] 停止完了
[prediction_worker 06:33:26] 停止処理開始
[prediction_worker 06:33:26] 停止完了
[prediction_worker 06:33:26] 停止処理開始
[prediction_worker 06:33:26] 停止完了
[prediction_worker 06:33:26] 停止処理開始
[prediction_worker 06:33:26] 停止完了
[prediction_worker 06:33:26] 停止処理開始
[prediction_worker 06:33:26] 停止完了
[prediction_worker 06:33:26] 停止処理開始
[prediction_worker 06:33:26] 停止完了
[prediction_worker 06:33:27] 停止処理開始
[prediction_worker 06:33:27] 停止完了
[prediction_worker 06:33:27] 停止処理開始
[prediction_worker 06:33:27] 停止完了
[prediction_worker 06:33:27] 停止処理開始
[prediction_worker 06:33:27] 停止完了
[prediction_worker 06:33:28] メインループ終了
/Users/azumag/work/sandbox/soren/broadcast/comment_worker.sh: line 103: syntax error near unexpected token `}'
/Users/azumag/work/sandbox/soren/broadcast/comment_worker.sh: line 103: `}'
[prediction_worker 06:33:29] 起動 (PID=79036, interval=5s, game=13980)
[prediction_worker 06:33:34] stop ファイル検出 → 終了
[prediction_worker 06:33:34] メインループ終了
[prediction_worker 06:33:34] メインループ終了
[prediction_worker 06:33:34] メインループ終了
[prediction_worker 06:33:34] stop ファイル検出 → 終了
[prediction_worker 06:33:34] メインループ終了
[prediction_worker 06:33:34] stop ファイル検出 → 終了
[prediction_worker 06:33:34] stop ファイル検出 → 終了
[prediction_worker 06:33:34] メインループ終了
[prediction_worker 06:33:34] メインループ終了
[prediction_worker 06:33:34] 停止処理開始
[prediction_worker 06:33:34] 停止完了
[prediction_worker 06:33:34] メインループ終了
[prediction_worker 06:33:35] メインループ終了
