/Users/azumag/work/sandbox/soren/broadcast/comment_worker.sh: line 103: syntax error near unexpected token `}'
/Users/azumag/work/sandbox/soren/broadcast/comment_worker.sh: line 103: `}'
[radio_worker 06:32:16] 起動 (PID=49888, interval=10s, initial_game=13980)
/Users/azumag/work/sandbox/soren/broadcast/comment_worker.sh: line 103: syntax error near unexpected token `}'
/Users/azumag/work/sandbox/soren/broadcast/comment_worker.sh: line 103: `}'
[radio_worker 06:32:17] ERROR: 既に起動中 (PID=49888)
[radio_worker 06:32:17] 停止処理開始
[radio_worker 06:32:17] 停止完了
/Users/azumag/work/sandbox/soren/broadcast/comment_worker.sh: line 103: syntax error near unexpected token `}'
/Users/azumag/work/sandbox/soren/broadcast/comment_worker.sh: line 103: `}'
[radio_worker 06:32:20] 起動 (PID=51265, interval=10s, initial_game=13980)
[radio_worker 06:32:22] 停止処理開始
[radio_worker 06:32:22] 停止完了
[radio_worker 06:32:23] メインループ終了
[radio_worker 06:32:23] 停止処理開始
[radio_worker 06:32:23] 停止完了
[radio_worker 06:32:23] メインループ終了
/Users/azumag/work/sandbox/soren/broadcast/comment_worker.sh: line 103: syntax error near unexpected token `}'
/Users/azumag/work/sandbox/soren/broadcast/comment_worker.sh: line 103: `}'
[radio_worker 06:32:33] 起動 (PID=53990, interval=10s, initial_game=13980)
/Users/azumag/work/sandbox/soren/broadcast/comment_worker.sh: line 103: syntax error near unexpected token `}'
/Users/azumag/work/sandbox/soren/broadcast/comment_worker.sh: line 103: `}'
[radio_worker 06:32:36] ERROR: 既に起動中 (PID=53990)
[radio_worker 06:32:36] 停止処理開始
[radio_worker 06:32:36] 停止完了
/Users/azumag/work/sandbox/soren/broadcast/comment_worker.sh: line 103: syntax error near unexpected token `}'
/Users/azumag/work/sandbox/soren/broadcast/comment_worker.sh: line 103: `}'
[radio_worker 06:32:39] 起動 (PID=55807, interval=10s, initial_game=13980)
/Users/azumag/work/sandbox/soren/broadcast/comment_worker.sh: line 103: syntax error near unexpected token `}'
/Users/azumag/work/sandbox/soren/broadcast/comment_worker.sh: line 103: `}'
[radio_worker 06:32:42] ERROR: 既に起動中 (PID=55807)
[radio_worker 06:32:42] 停止処理開始
[radio_worker 06:32:42] 停止完了
/Users/azumag/work/sandbox/soren/broadcast/comment_worker.sh: line 103: syntax error near unexpected token `}'
/Users/azumag/work/sandbox/soren/broadcast/comment_worker.sh: line 103: `}'
[radio_worker 06:32:46] 起動 (PID=57441, interval=10s, initial_game=13980)
/Users/azumag/work/sandbox/soren/broadcast/comment_worker.sh: line 103: syntax error near unexpected token `}'
/Users/azumag/work/sandbox/soren/broadcast/comment_worker.sh: line 103: `}'
[radio_worker 06:32:49] ERROR: 既に起動中 (PID=57441)
[radio_worker 06:32:49] 停止処理開始
[radio_worker 06:32:49] 停止完了
/Users/azumag/work/sandbox/soren/broadcast/comment_worker.sh: line 103: syntax error near unexpected token `}'
/Users/azumag/work/sandbox/soren/broadcast/comment_worker.sh: line 103: `}'
[radio_worker 06:32:52] 起動 (PID=59604, interval=10s, initial_game=13980)
/Users/azumag/work/sandbox/soren/broadcast/comment_worker.sh: line 103: syntax error near unexpected token `}'
/Users/azumag/work/sandbox/soren/broadcast/comment_worker.sh: line 103: `}'
[radio_worker 06:32:55] ERROR: 既に起動中 (PID=59604)
[radio_worker 06:32:55] 停止処理開始
[radio_worker 06:32:55] 停止完了
/Users/azumag/work/sandbox/soren/broadcast/comment_worker.sh: line 103: syntax error near unexpected token `}'
/Users/azumag/work/sandbox/soren/broadcast/comment_worker.sh: line 103: `}'
[radio_worker 06:33:01] 起動 (PID=62843, interval=10s, initial_game=13980)
/Users/azumag/work/sandbox/soren/broadcast/comment_worker.sh: line 103: syntax error near unexpected token `}'
/Users/azumag/work/sandbox/soren/broadcast/comment_worker.sh: line 103: `}'
[radio_worker 06:33:03] ERROR: 既に起動中 (PID=62843)
[radio_worker 06:33:03] 停止処理開始
[radio_worker 06:33:03] 停止完了
/Users/azumag/work/sandbox/soren/broadcast/comment_worker.sh: line 103: syntax error near unexpected token `}'
/Users/azumag/work/sandbox/soren/broadcast/comment_worker.sh: line 103: `}'
[radio_worker 06:33:07] 起動 (PID=66427, interval=10s, initial_game=13980)
/Users/azumag/work/sandbox/soren/broadcast/comment_worker.sh: line 103: syntax error near unexpected token `}'
/Users/azumag/work/sandbox/soren/broadcast/comment_worker.sh: line 103: `}'
[radio_worker 06:33:10] ERROR: 既に起動中 (PID=66427)
[radio_worker 06:33:10] 停止処理開始
[radio_worker 06:33:10] 停止完了
/Users/azumag/work/sandbox/soren/broadcast/comment_worker.sh: line 103: syntax error near unexpected token `}'
/Users/azumag/work/sandbox/soren/broadcast/comment_worker.sh: line 103: `}'
[radio_worker 06:33:14] 起動 (PID=70554, interval=10s, initial_game=13980)
/Users/azumag/work/sandbox/soren/broadcast/comment_worker.sh: line 103: syntax error near unexpected token `}'
/Users/azumag/work/sandbox/soren/broadcast/comment_worker.sh: line 103: `}'
[radio_worker 06:33:18] ERROR: 既に起動中 (PID=70554)
[radio_worker 06:33:18] 停止処理開始
[radio_worker 06:33:18] 停止完了
/Users/azumag/work/sandbox/soren/broadcast/comment_worker.sh: line 103: syntax error near unexpected token `}'
/Users/azumag/work/sandbox/soren/broadcast/comment_worker.sh: line 103: `}'
[radio_worker 06:33:21] 起動 (PID=74944, interval=10s, initial_game=13980)
/Users/azumag/work/sandbox/soren/broadcast/comment_worker.sh: line 103: syntax error near unexpected token `}'
/Users/azumag/work/sandbox/soren/broadcast/comment_worker.sh: line 103: `}'
[radio_worker 06:33:25] ERROR: 既に起動中 (PID=74944)
[radio_worker 06:33:25] 停止処理開始
[radio_worker 06:33:25] 停止完了
[radio_worker 06:33:26] 停止処理開始
[radio_worker 06:33:26] 停止処理開始
[radio_worker 06:33:26] 停止完了
[radio_worker 06:33:26] 停止完了
[radio_worker 06:33:26] 停止処理開始
[radio_worker 06:33:26] 停止完了
[radio_worker 06:33:26] 停止処理開始
[radio_worker 06:33:26] 停止完了
[radio_worker 06:33:26] 停止処理開始
[radio_worker 06:33:26] 停止完了
[radio_worker 06:33:26] 停止処理開始
[radio_worker 06:33:26] 停止完了
[radio_worker 06:33:27] 停止処理開始
[radio_worker 06:33:27] 停止完了
[radio_worker 06:33:27] 停止処理開始
[radio_worker 06:33:27] 停止完了
[radio_worker 06:33:28] メインループ終了
[radio_worker 06:33:28] メインループ終了
/Users/azumag/work/sandbox/soren/broadcast/comment_worker.sh: line 103: syntax error near unexpected token `}'
/Users/azumag/work/sandbox/soren/broadcast/comment_worker.sh: line 103: `}'
[radio_worker 06:33:29] 起動 (PID=79012, interval=10s, initial_game=13980)
[radio_worker 06:33:34] メインループ終了
[radio_worker 06:33:34] stop ファイル検出 → 終了
[radio_worker 06:33:34] メインループ終了
[radio_worker 06:33:34] メインループ終了
[radio_worker 06:33:34] メインループ終了
[radio_worker 06:33:34] 停止処理開始
[radio_worker 06:33:34] 停止完了
[radio_worker 06:33:34] メインループ終了
[radio_worker 06:33:35] メインループ終了
[radio_worker 06:33:35] メインループ終了
