ERROR: soren_loop.sh is already running (PID=59056). Aborting.
ERROR: soren_loop.sh is already running (PID=59056). Aborting.
ERROR: soren_loop.sh is already running (PID=59056). Aborting.
/Users/azumag/work/sandbox/soren/broadcast/comment_worker.sh: line 103: syntax error near unexpected token `}'
/Users/azumag/work/sandbox/soren/broadcast/comment_worker.sh: line 103: `}'
[06:32:33] === Soren Evolution Loop ===
[06:32:33] strategy.py → 1game → adaptive improve → repeat
[06:32:33] [VALIDATE] checking strategy.py...
[06:32:33] [VALIDATE] テスト実行OK
[06:32:33] MOVE状態を待機中...
[06:32:33] MOVE状態検出
[06:32:33] 
[06:32:33] ── Game #13981 ──
[06:32:33] === Strategy Runner: 試合開始 ===
[06:32:33] Strategy hash: e3076978
[06:32:33] T1 s=296 p=7 y=-2.9
  x=-0.40
  HEIGHT_CONTROL
  +296 → 296
[06:32:33] DROP -0.40 → 592
[06:32:35] T2 s=296 p=8 y=-1.9
  x=+2.80
  HEIGHT_CONTROL
[06:32:35] DROP +2.80 → 816
ERROR: soren_loop.sh is already running (PID=53954). Aborting.
[06:32:37] T3 s=296 p=9 y=-1.5
  x=-0.14
  SAME_TYPE_STACK
[06:32:37] DROP -0.14 → 610
ERROR: soren_loop.sh is already running (PID=53954). Aborting.
[06:32:39] T4 s=296 p=10 y=-1.4
  x=+1.76
  SAME_TYPE_STACK
[06:32:39] DROP +1.76 → 743
[06:32:41] T5 s=296 p=11 y=-1.4
  x=-0.40
  HEIGHT_CONTROL
[06:32:41] DROP -0.40 → 592
ERROR: soren_loop.sh is already running (PID=53954). Aborting.
[06:32:44] T6 s=296 p=12 y=-1.5
  x=-2.73
  HEIGHT_CONTROL
[06:32:44] DROP -2.73 → 428
ERROR: soren_loop.sh is already running (PID=53954). Aborting.
[06:32:47] T7 s=296 p=13 y=-1.5
  x=-1.60
  HEIGHT_CONTROL
[06:32:47] DROP -1.60 → 508
ERROR: soren_loop.sh is already running (PID=53954). Aborting.
[06:32:49] T8 s=296 p=14 y=-1.5
  x=+2.40
  HIGH_LAYER
[06:32:49] DROP +2.40 → 788
ERROR: soren_loop.sh is already running (PID=53954). Aborting.
[06:32:52] T9 s=296 p=15 y=-0.8
  x=-0.32
  HIGH_LAYER
[06:32:52] DROP -0.32 → 597
[06:32:54] T10 s=306 p=15 y=-1.1
  x=-2.89
  DIRECT_MERGE_REACTIVE_MERGE_PR
  +10 → 306
[06:32:54] DROP -2.89 → 417
ERROR: soren_loop.sh is already running (PID=53954). Aborting.
[06:32:56] T11 s=327 p=15 y=-1.1
  x=-0.20
  HEIGHT_CONTROL
  +21 → 327
[06:32:56] DROP -0.20 → 606
ERROR: soren_loop.sh is already running (PID=53954). Aborting.
ERROR: soren_loop.sh is already running (PID=53954). Aborting.
ERROR: soren_loop.sh is already running (PID=53954). Aborting.
ERROR: soren_loop.sh is already running (PID=53954). Aborting.
ERROR: soren_loop.sh is already running (PID=53954). Aborting.
ERROR: soren_loop.sh is already running (PID=53954). Aborting.
ERROR: soren_loop.sh is already running (PID=53954). Aborting.
ERROR: soren_loop.sh is already running (PID=53954). Aborting.
ERROR: soren_loop.sh is already running (PID=53954). Aborting.
ERROR: soren_loop.sh is already running (PID=53954). Aborting.
[06:33:34] Interrupted: strategy_runnerを終了します
[06:33:34] [SIGNAL] strategy_runner が割り込み終了 (py_rc=130)
[06:33:34] [SIGNAL] play_one_game で割り込みを検出 (rc=130)
